Archive member included to satisfy reference by file (symbol)

c:/nxp/mcuxpressoide_11.2.1_4149/ide/plugins/com.nxp.mcuxpresso.tools.win32_11.2.0.202008311134/tools/bin/../lib/gcc/arm-none-eabi/9.2.1/../../../../arm-none-eabi/lib/thumb/v7e-m+fp/hard\libcr_semihost_nf.a(_cr__main.o)
                              ./startup/startup_mimxrt1052.o (__main)
c:/nxp/mcuxpressoide_11.2.1_4149/ide/plugins/com.nxp.mcuxpresso.tools.win32_11.2.0.202008311134/tools/bin/../lib/gcc/arm-none-eabi/9.2.1/../../../../arm-none-eabi/lib/thumb/v7e-m+fp/hard\libcr_semihost_nf.a(_cr_assert.o)
                              ./utilities/fsl_debug_console.o (__assertion_failed)
c:/nxp/mcuxpressoide_11.2.1_4149/ide/plugins/com.nxp.mcuxpresso.tools.win32_11.2.0.202008311134/tools/bin/../lib/gcc/arm-none-eabi/9.2.1/../../../../arm-none-eabi/lib/thumb/v7e-m+fp/hard\libcr_semihost_nf.a(__ciob.o)
                              c:/nxp/mcuxpressoide_11.2.1_4149/ide/plugins/com.nxp.mcuxpresso.tools.win32_11.2.0.202008311134/tools/bin/../lib/gcc/arm-none-eabi/9.2.1/../../../../arm-none-eabi/lib/thumb/v7e-m+fp/hard\libcr_semihost_nf.a(_cr_assert.o) (__Ciob)
c:/nxp/mcuxpressoide_11.2.1_4149/ide/plugins/com.nxp.mcuxpresso.tools.win32_11.2.0.202008311134/tools/bin/../lib/gcc/arm-none-eabi/9.2.1/../../../../arm-none-eabi/lib/thumb/v7e-m+fp/hard\libcr_semihost_nf.a(__sys_appexit.o)
                              c:/nxp/mcuxpressoide_11.2.1_4149/ide/plugins/com.nxp.mcuxpresso.tools.win32_11.2.0.202008311134/tools/bin/../lib/gcc/arm-none-eabi/9.2.1/../../../../arm-none-eabi/lib/thumb/v7e-m+fp/hard\libcr_semihost_nf.a(_cr_assert.o) (__sys_appexit)
c:/nxp/mcuxpressoide_11.2.1_4149/ide/plugins/com.nxp.mcuxpresso.tools.win32_11.2.0.202008311134/tools/bin/../lib/gcc/arm-none-eabi/9.2.1/../../../../arm-none-eabi/lib/thumb/v7e-m+fp/hard\libcr_c.a(memcpy.o)
                              ./utilities/fsl_str.o (memcpy)
c:/nxp/mcuxpressoide_11.2.1_4149/ide/plugins/com.nxp.mcuxpresso.tools.win32_11.2.0.202008311134/tools/bin/../lib/gcc/arm-none-eabi/9.2.1/../../../../arm-none-eabi/lib/thumb/v7e-m+fp/hard\libcr_c.a(memset.o)
                              ./utilities/fsl_debug_console.o (memset)
c:/nxp/mcuxpressoide_11.2.1_4149/ide/plugins/com.nxp.mcuxpresso.tools.win32_11.2.0.202008311134/tools/bin/../lib/gcc/arm-none-eabi/9.2.1/../../../../arm-none-eabi/lib/thumb/v7e-m+fp/hard\libcr_c.a(_deferredlazyseek.o)
                              c:/nxp/mcuxpressoide_11.2.1_4149/ide/plugins/com.nxp.mcuxpresso.tools.win32_11.2.0.202008311134/tools/bin/../lib/gcc/arm-none-eabi/9.2.1/../../../../arm-none-eabi/lib/thumb/v7e-m+fp/hard\libcr_semihost_nf.a(_cr_assert.o) (__flsbuf)
c:/nxp/mcuxpressoide_11.2.1_4149/ide/plugins/com.nxp.mcuxpresso.tools.win32_11.2.0.202008311134/tools/bin/../lib/gcc/arm-none-eabi/9.2.1/../../../../arm-none-eabi/lib/thumb/v7e-m+fp/hard\libcr_c.a(_fflush.o)
                              c:/nxp/mcuxpressoide_11.2.1_4149/ide/plugins/com.nxp.mcuxpresso.tools.win32_11.2.0.202008311134/tools/bin/../lib/gcc/arm-none-eabi/9.2.1/../../../../arm-none-eabi/lib/thumb/v7e-m+fp/hard\libcr_c.a(_deferredlazyseek.o) (_fflush)
c:/nxp/mcuxpressoide_11.2.1_4149/ide/plugins/com.nxp.mcuxpresso.tools.win32_11.2.0.202008311134/tools/bin/../lib/gcc/arm-none-eabi/9.2.1/../../../../arm-none-eabi/lib/thumb/v7e-m+fp/hard\libcr_c.a(_writebuf.o)
                              c:/nxp/mcuxpressoide_11.2.1_4149/ide/plugins/com.nxp.mcuxpresso.tools.win32_11.2.0.202008311134/tools/bin/../lib/gcc/arm-none-eabi/9.2.1/../../../../arm-none-eabi/lib/thumb/v7e-m+fp/hard\libcr_c.a(_deferredlazyseek.o) (_Cwritebuf)
c:/nxp/mcuxpressoide_11.2.1_4149/ide/plugins/com.nxp.mcuxpresso.tools.win32_11.2.0.202008311134/tools/bin/../lib/gcc/arm-none-eabi/9.2.1/../../../../arm-none-eabi/lib/thumb/v7e-m+fp/hard\libcr_c.a(alloc.o)
                              ./drivers/fsl_common.o (malloc)
c:/nxp/mcuxpressoide_11.2.1_4149/ide/plugins/com.nxp.mcuxpresso.tools.win32_11.2.0.202008311134/tools/bin/../lib/gcc/arm-none-eabi/9.2.1/../../../../arm-none-eabi/lib/thumb/v7e-m+fp/hard\libcr_c.a(fputs.o)
                              c:/nxp/mcuxpressoide_11.2.1_4149/ide/plugins/com.nxp.mcuxpresso.tools.win32_11.2.0.202008311134/tools/bin/../lib/gcc/arm-none-eabi/9.2.1/../../../../arm-none-eabi/lib/thumb/v7e-m+fp/hard\libcr_semihost_nf.a(_cr_assert.o) (fputs)
c:/nxp/mcuxpressoide_11.2.1_4149/ide/plugins/com.nxp.mcuxpresso.tools.win32_11.2.0.202008311134/tools/bin/../lib/gcc/arm-none-eabi/9.2.1/../../../../arm-none-eabi/lib/thumb/v7e-m+fp/hard\libcr_c.a(fseek.o)
                              c:/nxp/mcuxpressoide_11.2.1_4149/ide/plugins/com.nxp.mcuxpresso.tools.win32_11.2.0.202008311134/tools/bin/../lib/gcc/arm-none-eabi/9.2.1/../../../../arm-none-eabi/lib/thumb/v7e-m+fp/hard\libcr_c.a(_deferredlazyseek.o) (fseek)
c:/nxp/mcuxpressoide_11.2.1_4149/ide/plugins/com.nxp.mcuxpresso.tools.win32_11.2.0.202008311134/tools/bin/../lib/gcc/arm-none-eabi/9.2.1/../../../../arm-none-eabi/lib/thumb/v7e-m+fp/hard\libcr_c.a(ftell.o)
[...]
Memory Configuration

Name             Origin             Length             Attributes
SRAM_ITC         0x00000000         0x00020000         xrw
SRAM_DTC         0x20000000         0x00020000         xrw
SRAM_OC          0x20200000         0x00040000         xrw
*default*        0x00000000         0xffffffff

Linker script and memory map

LOAD ./xip/evkbimxrt1050_flexspi_nor_config.o
LOAD ./utilities/fsl_debug_console.o
LOAD ./utilities/fsl_str.o
LOAD ./startup/startup_mimxrt1052.o
LOAD ./source/IMXRT1050_Demo.o
LOAD ./source/semihost_hardfault.o
LOAD ./drivers/fsl_clock.o
LOAD ./drivers/fsl_common.o
LOAD ./drivers/fsl_gpio.o
LOAD ./drivers/fsl_lpuart.o
LOAD ./drivers/fsl_pit.o
LOAD ./device/system_MIMXRT1052.o
LOAD ./component/uart/lpuart_adapter.o
LOAD ./component/serial_manager/serial_manager.o
LOAD ./component/serial_manager/serial_port_uart.o
LOAD ./component/lists/generic_list.o
LOAD ./board/board.o
LOAD ./board/clock_config.o
LOAD ./board/dcd.o
LOAD ./board/peripherals.o
LOAD ./board/pin_mux.o
START GROUP
LOAD c:/nxp/mcuxpressoide_11.2.1_4149/ide/plugins/com.nxp.mcuxpresso.tools.win32_11.2.0.202008311134/tools/bin/../lib/gcc/arm-none-eabi/9.2.1/../../../../arm-none-eabi/lib/thumb/v7e-m+fp/hard\libcr_semihost_nf.a
LOAD c:/nxp/mcuxpressoide_11.2.1_4149/ide/plugins/com.nxp.mcuxpresso.tools.win32_11.2.0.202008311134/tools/bin/../lib/gcc/arm-none-eabi/9.2.1/../../../../arm-none-eabi/lib/thumb/v7e-m+fp/hard\libcr_c.a
LOAD c:/nxp/mcuxpressoide_11.2.1_4149/ide/plugins/com.nxp.mcuxpresso.tools.win32_11.2.0.202008311134/tools/bin/../lib/gcc/arm-none-eabi/9.2.1/thumb/v7e-m+fp/hard\libcr_eabihelpers.a
LOAD c:/nxp/mcuxpressoide_11.2.1_4149/ide/plugins/com.nxp.mcuxpresso.tools.win32_11.2.0.202008311134/tools/bin/../lib/gcc/arm-none-eabi/9.2.1/thumb/v7e-m+fp/hard\libgcc.a
END GROUP
                0x00000000                __base_SRAM_ITC = 0x0
                0x00000000                __base_RAM = 0x0
                0x00020000                __top_SRAM_ITC = 0x20000
                0x00020000                __top_RAM = 0x20000
                0x20000000                __base_SRAM_DTC = 0x20000000
                0x20000000                __base_RAM2 = 0x20000000
                0x20020000                __top_SRAM_DTC = 0x20020000
                0x20020000                __top_RAM2 = 0x20020000
                0x20200000                __base_SRAM_OC = 0x20200000
                0x20200000                __base_RAM3 = 0x20200000
                0x20240000                __top_SRAM_OC = 0x20240000
                0x20240000                __top_RAM3 = 0x20240000

.text           0x00000000     0x419c
 FILL mask 0xff
                0x00000000                __vectors_start__ = ABSOLUTE (.)
 *(SORT_BY_ALIGNMENT(.isr_vector))
 .isr_vector    0x00000000      0x2a0 ./startup/startup_mimxrt1052.o
                0x00000000                g_pfnVectors
                0x00000000                __Vectors
                0x000002a0                . = ALIGN (0x4)
                0x000002a0                __section_table_start = .
                0x000002a0                __data_section_table = .
                0x000002a0        0x4 LONG 0x419c LOADADDR (.data)
                0x000002a4        0x4 LONG 0x419c ADDR (.data)
                0x000002a8        0x4 LONG 0x4 SIZEOF (.data)
                0x000002ac        0x4 LONG 0x419c LOADADDR (.data_RAM2)
                0x000002b0        0x4 LONG 0x20000000 ADDR (.data_RAM2)
                0x000002b4        0x4 LONG 0x0 SIZEOF (.data_RAM2)
                0x000002b8        0x4 LONG 0x419c LOADADDR (.data_RAM3)
                0x000002bc        0x4 LONG 0x20200000 ADDR (.data_RAM3)
                0x000002c0        0x4 LONG 0x0 SIZEOF (.data_RAM3)
                0x000002c4                __data_section_table_end = .
                0x000002c4                __bss_section_table = .
                0x000002c4        0x4 LONG 0x41a0 ADDR (.bss)
                0x000002c8        0x4 LONG 0xf0 SIZEOF (.bss)
                0x000002cc        0x4 LONG 0x20000000 ADDR (.bss_RAM2)
                0x000002d0        0x4 LONG 0x0 SIZEOF (.bss_RAM2)
                0x000002d4        0x4 LONG 0x20200000 ADDR (.bss_RAM3)
                0x000002d8        0x4 LONG 0x0 SIZEOF (.bss_RAM3)
                0x000002dc                __bss_section_table_end = .
                0x000002dc                __section_table_end = .
 *(SORT_BY_ALIGNMENT(.after_vectors*))
 .after_vectors.reset
                0x000002dc       0x4c ./startup/startup_mimxrt1052.o
                0x000002dc                ResetISR
 .after_vectors.init_data
                0x00000328       0x1e ./startup/startup_mimxrt1052.o
                0x00000328                data_init
 .after_vectors.init_bss
                0x00000346       0x12 ./startup/startup_mimxrt1052.o
                0x00000346                bss_init
 .after_vectors
                0x00000358       0x14 ./startup/startup_mimxrt1052.o
                0x00000358                NMI_Handler
                0x0000035c                MemManage_Handler
                0x0000035e                BusFault_Handler
                0x00000360                UsageFault_Handler
                0x00000362                SVC_Handler
                0x00000364                DebugMon_Handler
                0x00000366                PendSV_Handler
                0x00000368                SysTick_Handler
                0x0000036a                PIT_DriverIRQHandler
                0x0000036a                PMU_EVENT_DriverIRQHandler
                0x0000036a                PWM4_FAULT_DriverIRQHandler
                0x0000036a                DMA13_DMA29_DriverIRQHandler
                0x0000036a                SAI3_RX_DriverIRQHandler
                0x0000036a                LPSPI4_DriverIRQHandler
                0x0000036a                SEMC_DriverIRQHandler
                0x0000036a                SPDIF_DriverIRQHandler
                0x0000036a                CCM_2_DriverIRQHandler
                0x0000036a                PWM4_3_DriverIRQHandler
                0x0000036a                FLEXRAM_DriverIRQHandler
                0x0000036a                LCDIF_DriverIRQHandler
                0x0000036a                USB_PHY1_DriverIRQHandler
                0x0000036a                GPIO3_Combined_0_15_DriverIRQHandler
                0x0000036a                DMA7_DMA23_DriverIRQHandler
                0x0000036a                BEE_DriverIRQHandler
                0x0000036a                LPI2C3_DriverIRQHandler
                0x0000036a                GPR_IRQ_DriverIRQHandler
                0x0000036a                PWM2_FAULT_DriverIRQHandler
                0x0000036a                PWM3_1_DriverIRQHandler
                0x0000036a                DMA14_DMA30_DriverIRQHandler
                0x0000036a                TMR1_DriverIRQHandler
                0x0000036a                TRNG_DriverIRQHandler
                0x0000036a                PWM3_2_DriverIRQHandler
                0x0000036a                ENET_1588_Timer_DriverIRQHandler
                0x0000036a                FLEXIO2_DriverIRQHandler
                0x0000036a                GPIO2_Combined_16_31_DriverIRQHandler
                0x0000036a                Reserved143_DriverIRQHandler
                0x0000036a                LPSPI2_DriverIRQHandler
                0x0000036a                PWM4_1_DriverIRQHandler
                0x0000036a                PWM3_3_DriverIRQHandler
                0x0000036a                DMA0_DMA16_DriverIRQHandler
                0x0000036a                IntDefaultHandler
                0x0000036a                DMA2_DMA18_DriverIRQHandler
                0x0000036a                SRC_DriverIRQHandler
                0x0000036a                GPIO1_INT4_DriverIRQHandler
                0x0000036a                Reserved144_DriverIRQHandler
                0x0000036a                USDHC1_DriverIRQHandler
                0x0000036a                ENC3_DriverIRQHandler
                0x0000036a                PWM3_FAULT_DriverIRQHandler
                0x0000036a                EWM_DriverIRQHandler
                0x0000036a                TSC_DIG_DriverIRQHandler
                0x0000036a                KPP_DriverIRQHandler
                0x0000036a                FLEXIO1_DriverIRQHandler
                0x0000036a                ENET_DriverIRQHandler
                0x0000036a                Reserved78_DriverIRQHandler
                0x0000036a                TMR4_DriverIRQHandler
                0x0000036a                ENC2_DriverIRQHandler
                0x0000036a                ADC_ETC_IRQ2_DriverIRQHandler
                0x0000036a                GPIO1_Combined_16_31_DriverIRQHandler
                0x0000036a                GPIO1_INT7_DriverIRQHandler
                0x0000036a                SAI1_DriverIRQHandler
                0x0000036a                DCDC_DriverIRQHandler
                0x0000036a                DMA12_DMA28_DriverIRQHandler
                0x0000036a                PWM4_0_DriverIRQHandler
                0x0000036a                ADC_ETC_ERROR_IRQ_DriverIRQHandler
                0x0000036a                ACMP2_DriverIRQHandler
                0x0000036a                GPIO5_Combined_0_15_DriverIRQHandler
                0x0000036a                GPIO1_INT0_DriverIRQHandler
                0x0000036a                GPIO1_INT2_DriverIRQHandler
                0x0000036a                RTWDOG_DriverIRQHandler
                0x0000036a                FLEXSPI_DriverIRQHandler
                0x0000036a                GPT2_DriverIRQHandler
                0x0000036a                USB_PHY2_DriverIRQHandler
                0x0000036a                DMA10_DMA26_DriverIRQHandler
                0x0000036a                PWM2_1_DriverIRQHandler
                0x0000036a                PWM1_1_DriverIRQHandler
                0x0000036a                PXP_DriverIRQHandler
                0x0000036a                ADC1_DriverIRQHandler
                0x0000036a                PWM1_0_DriverIRQHandler
                0x0000036a                SJC_DriverIRQHandler
                0x0000036a                DMA1_DMA17_DriverIRQHandler
                0x0000036a                ENC1_DriverIRQHandler
                0x0000036a                ENC4_DriverIRQHandler
                0x0000036a                CAN2_DriverIRQHandler
                0x0000036a                DCP_DriverIRQHandler
                0x0000036a                CTI0_ERROR_DriverIRQHandler
                0x0000036a                DMA8_DMA24_DriverIRQHandler
                0x0000036a                GPT1_DriverIRQHandler
                0x0000036a                ACMP3_DriverIRQHandler
                0x0000036a                DMA6_DMA22_DriverIRQHandler
                0x0000036a                CSU_DriverIRQHandler
                0x0000036a                GPIO1_INT5_DriverIRQHandler
                0x0000036a                TMR3_DriverIRQHandler
                0x0000036a                TMR2_DriverIRQHandler
                0x0000036a                CTI1_ERROR_DriverIRQHandler
                0x0000036a                GPIO1_Combined_0_15_DriverIRQHandler
                0x0000036a                USDHC2_DriverIRQHandler
                0x0000036a                PWM4_2_DriverIRQHandler
                0x0000036a                Reserved87_DriverIRQHandler
                0x0000036a                SAI2_DriverIRQHandler
                0x0000036a                CORE_DriverIRQHandler
                0x0000036a                WDOG1_DriverIRQHandler
                0x0000036a                DMA11_DMA27_DriverIRQHandler
                0x0000036a                CSI_DriverIRQHandler
                0x0000036a                PWM2_3_DriverIRQHandler
                0x0000036a                XBAR1_IRQ_2_3_DriverIRQHandler
                0x0000036a                SNVS_HP_WRAPPER_TZ_DriverIRQHandler
                0x0000036a                GPIO3_Combined_16_31_DriverIRQHandler
                0x0000036a                PWM1_FAULT_DriverIRQHandler
                0x0000036a                LPI2C1_DriverIRQHandler
                0x0000036a                PWM2_2_DriverIRQHandler
                0x0000036a                DMA4_DMA20_DriverIRQHandler
                0x0000036a                DMA9_DMA25_DriverIRQHandler
                0x0000036a                SNVS_HP_WRAPPER_DriverIRQHandler
                0x0000036a                XBAR1_IRQ_0_1_DriverIRQHandler
                0x0000036a                ADC_ETC_IRQ1_DriverIRQHandler
                0x0000036a                LPSPI1_DriverIRQHandler
                0x0000036a                DMA3_DMA19_DriverIRQHandler
                0x0000036a                GPIO1_INT3_DriverIRQHandler
                0x0000036a                DCP_VMI_DriverIRQHandler
                0x0000036a                LPI2C4_DriverIRQHandler
                0x0000036a                GPC_DriverIRQHandler
                0x0000036a                Reserved123_DriverIRQHandler
                0x0000036a                GPIO2_Combined_0_15_DriverIRQHandler
                0x0000036a                PWM1_2_DriverIRQHandler
                0x0000036a                USB_OTG1_DriverIRQHandler
                0x0000036a                TEMP_LOW_HIGH_DriverIRQHandler
                0x0000036a                SAI3_TX_DriverIRQHandler
                0x0000036a                WDOG2_DriverIRQHandler
                0x0000036a                Reserved68_DriverIRQHandler
                0x0000036a                PWM3_0_DriverIRQHandler
                0x0000036a                GPIO4_Combined_0_15_DriverIRQHandler
                0x0000036a                GPIO4_Combined_16_31_DriverIRQHandler
                0x0000036a                GPIO5_Combined_16_31_DriverIRQHandler
                0x0000036a                DMA5_DMA21_DriverIRQHandler
                0x0000036a                CCM_1_DriverIRQHandler
                0x0000036a                ADC2_DriverIRQHandler
                0x0000036a                Reserved115_DriverIRQHandler
                0x0000036a                TEMP_PANIC_DriverIRQHandler
                0x0000036a                ACMP4_DriverIRQHandler
                0x0000036a                DMA15_DMA31_DriverIRQHandler
                0x0000036a                LPSPI3_DriverIRQHandler
                0x0000036a                PWM1_3_DriverIRQHandler
                0x0000036a                ACMP1_DriverIRQHandler
                0x0000036a                LPI2C2_DriverIRQHandler
                0x0000036a                Reserved86_DriverIRQHandler
                0x0000036a                DMA_ERROR_DriverIRQHandler
                0x0000036a                ADC_ETC_IRQ0_DriverIRQHandler
                0x0000036a                CAN1_DriverIRQHandler
                0x0000036a                GPIO1_INT6_DriverIRQHandler
                0x0000036a                GPIO1_INT1_DriverIRQHandler
                0x0000036a                PWM2_0_DriverIRQHandler
                0x0000036a                SNVS_LP_WRAPPER_DriverIRQHandler
                0x0000036a                USB_OTG2_DriverIRQHandler
 *(SORT_BY_ALIGNMENT(.text*))
 .text.DbgConsole_SendDataReliable
                0x0000036c       0x64 ./utilities/fsl_debug_console.o
                0x0000036c                DbgConsole_SendDataReliable
 .text.DbgConsole_Printf
                0x000003d0       0x78 ./utilities/fsl_debug_console.o
                0x000003d0                DbgConsole_Printf
 .text.__NVIC_EnableIRQ
                0x00000448       0x3c ./source/IMXRT1050_Demo.o
 .text.__NVIC_SetPriority
                0x00000484       0x54 ./source/IMXRT1050_Demo.o
 .text.PIT_GetDefaultConfig
                0x000004d8       0x28 ./source/IMXRT1050_Demo.o
 .text.LED_Config
                0x00000500       0x34 ./source/IMXRT1050_Demo.o
 .text.drv_timer_init
                0x00000534       0x34 ./source/IMXRT1050_Demo.o
 .text.drv_timer_register
                0x00000568       0x74 ./source/IMXRT1050_Demo.o
 .text.main     0x000005dc       0x60 ./source/IMXRT1050_Demo.o
                0x000005dc                main
 .text.PIT_IRQHandler
                0x0000063c       0x40 ./source/IMXRT1050_Demo.o
                0x0000063c                PIT_IRQHandler
 .text.CLOCK_GetOscFreq
                0x0000067c       0x30 ./drivers/fsl_clock.o
 .text.CLOCK_GetPeriphClkFreq
                0x000006ac       0xec ./drivers/fsl_clock.o
 .text.CLOCK_InitExternalClk
                0x00000798       0x6c ./drivers/fsl_clock.o
                0x00000798                CLOCK_InitExternalClk
 .text.CLOCK_SwitchOsc
                0x00000804       0x34 ./drivers/fsl_clock.o
                0x00000804                CLOCK_SwitchOsc
 .text.CLOCK_InitRcOsc24M
                0x00000838       0x24 ./drivers/fsl_clock.o
                0x00000838                CLOCK_InitRcOsc24M
 .text.CLOCK_GetAhbFreq
                0x0000085c       0x24 ./drivers/fsl_clock.o
                0x0000085c                CLOCK_GetAhbFreq
 .text.CLOCK_GetSemcFreq
                0x00000880       0x5c ./drivers/fsl_clock.o
                0x00000880                CLOCK_GetSemcFreq
 .text.CLOCK_GetIpgFreq
                0x000008dc       0x24 ./drivers/fsl_clock.o
                0x000008dc                CLOCK_GetIpgFreq
 .text.CLOCK_GetPerClkFreq
                0x00000900       0x40 ./drivers/fsl_clock.o
                0x00000900                CLOCK_GetPerClkFreq
 .text.CLOCK_GetFreq
                0x00000940      0x170 ./drivers/fsl_clock.o
                0x00000940                CLOCK_GetFreq
 .text.CLOCK_InitArmPll
                0x00000ab0       0x68 ./drivers/fsl_clock.o
                0x00000ab0                CLOCK_InitArmPll
 .text.CLOCK_DeinitUsb1Pll
                0x00000b18       0x18 ./drivers/fsl_clock.o
                0x00000b18                CLOCK_DeinitUsb1Pll
 .text.CLOCK_DeinitUsb2Pll
                0x00000b30       0x18 ./drivers/fsl_clock.o
                0x00000b30                CLOCK_DeinitUsb2Pll
 .text.CLOCK_DeinitAudioPll
                0x00000b48       0x1c ./drivers/fsl_clock.o
                0x00000b48                CLOCK_DeinitAudioPll
 .text.CLOCK_DeinitVideoPll
                0x00000b64       0x1c ./drivers/fsl_clock.o
                0x00000b64                CLOCK_DeinitVideoPll
 .text.CLOCK_InitEnetPll
                0x00000b80       0x94 ./drivers/fsl_clock.o
                0x00000b80                CLOCK_InitEnetPll
 .text.CLOCK_GetPllFreq
                0x00000c14      0x3c8 ./drivers/fsl_clock.o
                0x00000c14                CLOCK_GetPllFreq
 .text.CLOCK_GetSysPfdFreq
                0x00000fdc       0xac ./drivers/fsl_clock.o
                0x00000fdc                CLOCK_GetSysPfdFreq
 .text.CLOCK_GetUsb1PfdFreq
                0x00001088       0xac ./drivers/fsl_clock.o
                0x00001088                CLOCK_GetUsb1PfdFreq
 .text.CLOCK_ControlGate
                0x00001134       0x64 ./drivers/fsl_gpio.o
 .text.GPIO_GetInstance
                0x00001198       0x4c ./drivers/fsl_gpio.o
 .text.GPIO_PinInit
                0x000011e4       0xa4 ./drivers/fsl_gpio.o
                0x000011e4                GPIO_PinInit
 .text.GPIO_PinWrite
                0x00001288       0x54 ./drivers/fsl_gpio.o
                0x00001288                GPIO_PinWrite
 .text.GPIO_PinSetInterruptConfig
                0x000012dc       0xfc ./drivers/fsl_gpio.o
                0x000012dc                GPIO_PinSetInterruptConfig
 .text.LPUART_WriteBlocking
                0x000013d8       0x68 ./drivers/fsl_lpuart.o
                0x000013d8                LPUART_WriteBlocking
 .text.LPUART1_DriverIRQHandler
                0x00001440       0x28 ./drivers/fsl_lpuart.o
                0x00001440                LPUART1_DriverIRQHandler
 .text.LPUART2_DriverIRQHandler
                0x00001468       0x28 ./drivers/fsl_lpuart.o
                0x00001468                LPUART2_DriverIRQHandler
 .text.LPUART3_DriverIRQHandler
                0x00001490       0x28 ./drivers/fsl_lpuart.o
                0x00001490                LPUART3_DriverIRQHandler
 .text.LPUART4_DriverIRQHandler
                0x000014b8       0x28 ./drivers/fsl_lpuart.o
                0x000014b8                LPUART4_DriverIRQHandler
 .text.LPUART5_DriverIRQHandler
                0x000014e0       0x28 ./drivers/fsl_lpuart.o
                0x000014e0                LPUART5_DriverIRQHandler
 .text.LPUART6_DriverIRQHandler
                0x00001508       0x28 ./drivers/fsl_lpuart.o
                0x00001508                LPUART6_DriverIRQHandler
 .text.LPUART7_DriverIRQHandler
                0x00001530       0x28 ./drivers/fsl_lpuart.o
                0x00001530                LPUART7_DriverIRQHandler
 .text.LPUART8_DriverIRQHandler
                0x00001558       0x28 ./drivers/fsl_lpuart.o
                0x00001558                LPUART8_DriverIRQHandler
 .text.CLOCK_ControlGate
                0x00001580       0x64 ./drivers/fsl_pit.o
 .text.PIT_GetInstance
                0x000015e4       0x44 ./drivers/fsl_pit.o
 .text.PIT_Init
                0x00001628       0x94 ./drivers/fsl_pit.o
                0x00001628                PIT_Init
 .text.SystemInit
                0x000016bc      0x1d8 ./device/system_MIMXRT1052.o
                0x000016bc                SystemInit
 .text.HAL_UartSendBlocking
                0x00001894       0x64 ./component/uart/lpuart_adapter.o
                0x00001894                HAL_UartSendBlocking
 .text.SerialManager_Write
                0x000018f8       0x6c ./component/serial_manager/serial_manager.o
 .text.Serial_UartWrite
                0x00001964       0x58 ./component/serial_manager/serial_port_uart.o
                0x00001964                Serial_UartWrite
 .text.CLOCK_SetMux
                0x000019bc       0x9c ./board/clock_config.o
 .text.CLOCK_SetDiv
                0x00001a58       0x9c ./board/clock_config.o
 .text.CLOCK_ControlGate
                0x00001af4       0x64 ./board/clock_config.o
 .text.CLOCK_SetXtalFreq
                0x00001b58       0x20 ./board/clock_config.o
 .text.IOMUXC_EnableMode
                0x00001b78       0x48 ./board/clock_config.o
 .text.IOMUXC_MQSConfig
                0x00001bc0       0x44 ./board/clock_config.o
 .text.BOARD_BootClockRUN
                0x00001c04      0x5c8 ./board/clock_config.o
                0x00001c04                BOARD_BootClockRUN
 .text.CLOCK_ControlGate
                0x000021cc       0x64 ./board/pin_mux.o
 .text.BOARD_InitPins
                0x00002230       0x50 ./board/pin_mux.o
                0x00002230                BOARD_InitPins
 .text.__assertion_failed
                0x00002280       0x4c c:/nxp/mcuxpressoide_11.2.1_4149/ide/plugins/com.nxp.mcuxpresso.tools.win32_11.2.0.202008311134/tools/bin/../lib/gcc/arm-none-eabi/9.2.1/../../../../arm-none-eabi/lib/thumb/v7e-m+fp/hard\libcr_semihost_nf.a(_cr_assert.o)
                0x00002280                __assertion_failed
 .text.__sys_appexit
                0x000022cc        0xc c:/nxp/mcuxpressoide_11.2.1_4149/ide/plugins/com.nxp.mcuxpresso.tools.win32_11.2.0.202008311134/tools/bin/../lib/gcc/arm-none-eabi/9.2.1/../../../../arm-none-eabi/lib/thumb/v7e-m+fp/hard\libcr_semihost_nf.a(__sys_appexit.o)
                0x000022cc                __sys_appexit
                0x000022cc                __exit
 .text._Cwritebuf
                0x000022d8       0x6c c:/nxp/mcuxpressoide_11.2.1_4149/ide/plugins/com.nxp.mcuxpresso.tools.win32_11.2.0.202008311134/tools/bin/../lib/gcc/arm-none-eabi/9.2.1/../../../../arm-none-eabi/lib/thumb/v7e-m+fp/hard\libcr_c.a(_writebuf.o)
                0x000022d8                _Cwritebuf
 .text.malloc   0x00002344       0xc8 c:/nxp/mcuxpressoide_11.2.1_4149/ide/plugins/com.nxp.mcuxpresso.tools.win32_11.2.0.202008311134/tools/bin/../lib/gcc/arm-none-eabi/9.2.1/../../../../arm-none-eabi/lib/thumb/v7e-m+fp/hard\libcr_c.a(alloc.o)
                0x00002344                malloc
 .text._Csys_alloc
                0x0000240c       0x20 c:/nxp/mcuxpressoide_11.2.1_4149/ide/plugins/com.nxp.mcuxpresso.tools.win32_11.2.0.202008311134/tools/bin/../lib/gcc/arm-none-eabi/9.2.1/../../../../arm-none-eabi/lib/thumb/v7e-m+fp/hard\libcr_c.a(alloc.o)
                0x0000240c                _Csys_alloc
 .text.fseek    0x0000242c      0x100 c:/nxp/mcuxpressoide_11.2.1_4149/ide/plugins/com.nxp.mcuxpresso.tools.win32_11.2.0.202008311134/tools/bin/../lib/gcc/arm-none-eabi/9.2.1/../../../../arm-none-eabi/lib/thumb/v7e-m+fp/hard\libcr_c.a(fseek.o)
                0x0000242c                fseek
 .text.ftell    0x0000252c       0x44 c:/nxp/mcuxpressoide_11.2.1_4149/ide/plugins/com.nxp.mcuxpresso.tools.win32_11.2.0.202008311134/tools/bin/../lib/gcc/arm-none-eabi/9.2.1/../../../../arm-none-eabi/lib/thumb/v7e-m+fp/hard\libcr_c.a(ftell.o)
                0x0000252c                ftell
 .text._initio  0x00002570       0x78 c:/nxp/mcuxpressoide_11.2.1_4149/ide/plugins/com.nxp.mcuxpresso.tools.win32_11.2.0.202008311134/tools/bin/../lib/gcc/arm-none-eabi/9.2.1/../../../../arm-none-eabi/lib/thumb/v7e-m+fp/hard\libcr_c.a(initio.o)
                0x00002570                _initio
 .text._sbrk    0x000025e8       0x3c c:/nxp/mcuxpressoide_11.2.1_4149/ide/plugins/com.nxp.mcuxpresso.tools.win32_11.2.0.202008311134/tools/bin/../lib/gcc/arm-none-eabi/9.2.1/../../../../arm-none-eabi/lib/thumb/v7e-m+fp/hard\libcr_c.a(_cr_sbrk.o)
                0x000025e8                _sbrk
 .text.fflush   0x00002624       0x44 c:/nxp/mcuxpressoide_11.2.1_4149/ide/plugins/com.nxp.mcuxpresso.tools.win32_11.2.0.202008311134/tools/bin/../lib/gcc/arm-none-eabi/9.2.1/../../../../arm-none-eabi/lib/thumb/v7e-m+fp/hard\libcr_c.a(fflush.o)
                0x00002624                fflush
 .text.__check_heap_overflow
                0x00002668       0x18 c:/nxp/mcuxpressoide_11.2.1_4149/ide/plugins/com.nxp.mcuxpresso.tools.win32_11.2.0.202008311134/tools/bin/../lib/gcc/arm-none-eabi/9.2.1/../../../../arm-none-eabi/lib/thumb/v7e-m+fp/hard\libcr_c.a(_cr_check_heap.o)
                0x00002668                __check_heap_overflow
 .text.DbgConsole_PrintCallback
                0x00002680       0x66 ./utilities/fsl_debug_console.o
 .text.PrintGetWidth
                0x000026e6       0x6a ./utilities/fsl_str.o
 .text.PrintGetPrecision
                0x00002750       0x8c ./utilities/fsl_str.o
 .text.PrintIsobpu
                0x000027dc       0x38 ./utilities/fsl_str.o
 .text.PrintIsdi
                0x00002814       0x2c ./utilities/fsl_str.o
 .text.PrintOutputdifFobpu
                0x00002840       0x44 ./utilities/fsl_str.o
 .text.PrintOutputxX
                0x00002884       0x44 ./utilities/fsl_str.o
 .text.PrintIsfF
                0x000028c8       0x2c ./utilities/fsl_str.o
 .text.PrintIsxX
                0x000028f4       0x2c ./utilities/fsl_str.o
 .text.PrintGetRadixFromobpu
                0x00002920       0x40 ./utilities/fsl_str.o
 .text.ConvertRadixNumToString
                0x00002960      0x118 ./utilities/fsl_str.o
 .text.StrFormatPrintf
                0x00002a78      0x286 ./utilities/fsl_str.o
                0x00002a78                StrFormatPrintf
 .text.DMA0_DMA16_IRQHandler
                0x00002cfe        0x8 ./startup/startup_mimxrt1052.o
                0x00002cfe                DMA0_DMA16_IRQHandler
 .text.DMA1_DMA17_IRQHandler
                0x00002d06        0x8 ./startup/startup_mimxrt1052.o
                0x00002d06                DMA1_DMA17_IRQHandler
 .text.DMA2_DMA18_IRQHandler
                0x00002d0e        0x8 ./startup/startup_mimxrt1052.o
                0x00002d0e                DMA2_DMA18_IRQHandler
 .text.DMA3_DMA19_IRQHandler
                0x00002d16        0x8 ./startup/startup_mimxrt1052.o
                0x00002d16                DMA3_DMA19_IRQHandler
 .text.DMA4_DMA20_IRQHandler
                0x00002d1e        0x8 ./startup/startup_mimxrt1052.o
                0x00002d1e                DMA4_DMA20_IRQHandler
 .text.DMA5_DMA21_IRQHandler
                0x00002d26        0x8 ./startup/startup_mimxrt1052.o
                0x00002d26                DMA5_DMA21_IRQHandler
 .text.DMA6_DMA22_IRQHandler
                0x00002d2e        0x8 ./startup/startup_mimxrt1052.o
                0x00002d2e                DMA6_DMA22_IRQHandler
 .text.DMA7_DMA23_IRQHandler
                0x00002d36        0x8 ./startup/startup_mimxrt1052.o
                0x00002d36                DMA7_DMA23_IRQHandler
 .text.DMA8_DMA24_IRQHandler
                0x00002d3e        0x8 ./startup/startup_mimxrt1052.o
                0x00002d3e                DMA8_DMA24_IRQHandler
 .text.DMA9_DMA25_IRQHandler
                0x00002d46        0x8 ./startup/startup_mimxrt1052.o
                0x00002d46                DMA9_DMA25_IRQHandler
 .text.DMA10_DMA26_IRQHandler
                0x00002d4e        0x8 ./startup/startup_mimxrt1052.o
                0x00002d4e                DMA10_DMA26_IRQHandler
 .text.DMA11_DMA27_IRQHandler
                0x00002d56        0x8 ./startup/startup_mimxrt1052.o
                0x00002d56                DMA11_DMA27_IRQHandler
 .text.DMA12_DMA28_IRQHandler
                0x00002d5e        0x8 ./startup/startup_mimxrt1052.o
                0x00002d5e                DMA12_DMA28_IRQHandler
 .text.DMA13_DMA29_IRQHandler
                0x00002d66        0x8 ./startup/startup_mimxrt1052.o
                0x00002d66                DMA13_DMA29_IRQHandler
 .text.DMA14_DMA30_IRQHandler
                0x00002d6e        0x8 ./startup/startup_mimxrt1052.o
                0x00002d6e                DMA14_DMA30_IRQHandler
 .text.DMA15_DMA31_IRQHandler
                0x00002d76        0x8 ./startup/startup_mimxrt1052.o
                0x00002d76                DMA15_DMA31_IRQHandler
 .text.DMA_ERROR_IRQHandler
                0x00002d7e        0x8 ./startup/startup_mimxrt1052.o
                0x00002d7e                DMA_ERROR_IRQHandler
 .text.CTI0_ERROR_IRQHandler
                0x00002d86        0x8 ./startup/startup_mimxrt1052.o
                0x00002d86                CTI0_ERROR_IRQHandler
 .text.CTI1_ERROR_IRQHandler
                0x00002d8e        0x8 ./startup/startup_mimxrt1052.o
                0x00002d8e                CTI1_ERROR_IRQHandler
 .text.CORE_IRQHandler
                0x00002d96        0x8 ./startup/startup_mimxrt1052.o
                0x00002d96                CORE_IRQHandler
 .text.LPUART1_IRQHandler
                0x00002d9e        0x8 ./startup/startup_mimxrt1052.o
                0x00002d9e                LPUART1_IRQHandler
 .text.LPUART2_IRQHandler
                0x00002da6        0x8 ./startup/startup_mimxrt1052.o
                0x00002da6                LPUART2_IRQHandler
 .text.LPUART3_IRQHandler
                0x00002dae        0x8 ./startup/startup_mimxrt1052.o
                0x00002dae                LPUART3_IRQHandler
 .text.LPUART4_IRQHandler
                0x00002db6        0x8 ./startup/startup_mimxrt1052.o
                0x00002db6                LPUART4_IRQHandler
 .text.LPUART5_IRQHandler
                0x00002dbe        0x8 ./startup/startup_mimxrt1052.o
                0x00002dbe                LPUART5_IRQHandler
 .text.LPUART6_IRQHandler
                0x00002dc6        0x8 ./startup/startup_mimxrt1052.o
                0x00002dc6                LPUART6_IRQHandler
 .text.LPUART7_IRQHandler
                0x00002dce        0x8 ./startup/startup_mimxrt1052.o
                0x00002dce                LPUART7_IRQHandler
 .text.LPUART8_IRQHandler
                0x00002dd6        0x8 ./startup/startup_mimxrt1052.o
                0x00002dd6                LPUART8_IRQHandler
 .text.LPI2C1_IRQHandler
                0x00002dde        0x8 ./startup/startup_mimxrt1052.o
                0x00002dde                LPI2C1_IRQHandler
 .text.LPI2C2_IRQHandler
                0x00002de6        0x8 ./startup/startup_mimxrt1052.o
                0x00002de6                LPI2C2_IRQHandler
 .text.LPI2C3_IRQHandler
                0x00002dee        0x8 ./startup/startup_mimxrt1052.o
                0x00002dee                LPI2C3_IRQHandler
 .text.LPI2C4_IRQHandler
                0x00002df6        0x8 ./startup/startup_mimxrt1052.o
                0x00002df6                LPI2C4_IRQHandler
 .text.LPSPI1_IRQHandler
                0x00002dfe        0x8 ./startup/startup_mimxrt1052.o
                0x00002dfe                LPSPI1_IRQHandler
 .text.LPSPI2_IRQHandler
                0x00002e06        0x8 ./startup/startup_mimxrt1052.o
                0x00002e06                LPSPI2_IRQHandler
 .text.LPSPI3_IRQHandler
                0x00002e0e        0x8 ./startup/startup_mimxrt1052.o
                0x00002e0e                LPSPI3_IRQHandler
 .text.LPSPI4_IRQHandler
                0x00002e16        0x8 ./startup/startup_mimxrt1052.o
                0x00002e16                LPSPI4_IRQHandler
 .text.CAN1_IRQHandler
                0x00002e1e        0x8 ./startup/startup_mimxrt1052.o
                0x00002e1e                CAN1_IRQHandler
 .text.CAN2_IRQHandler
                0x00002e26        0x8 ./startup/startup_mimxrt1052.o
                0x00002e26                CAN2_IRQHandler
 .text.FLEXRAM_IRQHandler
                0x00002e2e        0x8 ./startup/startup_mimxrt1052.o
                0x00002e2e                FLEXRAM_IRQHandler
 .text.KPP_IRQHandler
                0x00002e36        0x8 ./startup/startup_mimxrt1052.o
                0x00002e36                KPP_IRQHandler
 .text.TSC_DIG_IRQHandler
                0x00002e3e        0x8 ./startup/startup_mimxrt1052.o
                0x00002e3e                TSC_DIG_IRQHandler
 .text.GPR_IRQ_IRQHandler
                0x00002e46        0x8 ./startup/startup_mimxrt1052.o
                0x00002e46                GPR_IRQ_IRQHandler
 .text.LCDIF_IRQHandler
                0x00002e4e        0x8 ./startup/startup_mimxrt1052.o
                0x00002e4e                LCDIF_IRQHandler
 .text.CSI_IRQHandler
                0x00002e56        0x8 ./startup/startup_mimxrt1052.o
                0x00002e56                CSI_IRQHandler
 .text.PXP_IRQHandler
                0x00002e5e        0x8 ./startup/startup_mimxrt1052.o
                0x00002e5e                PXP_IRQHandler
 .text.WDOG2_IRQHandler
                0x00002e66        0x8 ./startup/startup_mimxrt1052.o
                0x00002e66                WDOG2_IRQHandler
 .text.SNVS_HP_WRAPPER_IRQHandler
                0x00002e6e        0x8 ./startup/startup_mimxrt1052.o
                0x00002e6e                SNVS_HP_WRAPPER_IRQHandler
 .text.SNVS_HP_WRAPPER_TZ_IRQHandler
                0x00002e76        0x8 ./startup/startup_mimxrt1052.o
                0x00002e76                SNVS_HP_WRAPPER_TZ_IRQHandler
 .text.SNVS_LP_WRAPPER_IRQHandler
                0x00002e7e        0x8 ./startup/startup_mimxrt1052.o
                0x00002e7e                SNVS_LP_WRAPPER_IRQHandler
 .text.CSU_IRQHandler
                0x00002e86        0x8 ./startup/startup_mimxrt1052.o
                0x00002e86                CSU_IRQHandler
 .text.DCP_IRQHandler
                0x00002e8e        0x8 ./startup/startup_mimxrt1052.o
                0x00002e8e                DCP_IRQHandler
 .text.DCP_VMI_IRQHandler
                0x00002e96        0x8 ./startup/startup_mimxrt1052.o
                0x00002e96                DCP_VMI_IRQHandler
 .text.Reserved68_IRQHandler
                0x00002e9e        0x8 ./startup/startup_mimxrt1052.o
                0x00002e9e                Reserved68_IRQHandler
 .text.TRNG_IRQHandler
                0x00002ea6        0x8 ./startup/startup_mimxrt1052.o
                0x00002ea6                TRNG_IRQHandler
 .text.SJC_IRQHandler
                0x00002eae        0x8 ./startup/startup_mimxrt1052.o
                0x00002eae                SJC_IRQHandler
 .text.BEE_IRQHandler
                0x00002eb6        0x8 ./startup/startup_mimxrt1052.o
                0x00002eb6                BEE_IRQHandler
 .text.SAI1_IRQHandler
                0x00002ebe        0x8 ./startup/startup_mimxrt1052.o
                0x00002ebe                SAI1_IRQHandler
 .text.SAI2_IRQHandler
                0x00002ec6        0x8 ./startup/startup_mimxrt1052.o
                0x00002ec6                SAI2_IRQHandler
 .text.SAI3_RX_IRQHandler
                0x00002ece        0x8 ./startup/startup_mimxrt1052.o
                0x00002ece                SAI3_RX_IRQHandler
 .text.SAI3_TX_IRQHandler
                0x00002ed6        0x8 ./startup/startup_mimxrt1052.o
                0x00002ed6                SAI3_TX_IRQHandler
 .text.SPDIF_IRQHandler
                0x00002ede        0x8 ./startup/startup_mimxrt1052.o
                0x00002ede                SPDIF_IRQHandler
 .text.PMU_EVENT_IRQHandler
                0x00002ee6        0x8 ./startup/startup_mimxrt1052.o
                0x00002ee6                PMU_EVENT_IRQHandler
 .text.Reserved78_IRQHandler
                0x00002eee        0x8 ./startup/startup_mimxrt1052.o
                0x00002eee                Reserved78_IRQHandler
 .text.TEMP_LOW_HIGH_IRQHandler
                0x00002ef6        0x8 ./startup/startup_mimxrt1052.o
                0x00002ef6                TEMP_LOW_HIGH_IRQHandler
 .text.TEMP_PANIC_IRQHandler
                0x00002efe        0x8 ./startup/startup_mimxrt1052.o
                0x00002efe                TEMP_PANIC_IRQHandler
 .text.USB_PHY1_IRQHandler
                0x00002f06        0x8 ./startup/startup_mimxrt1052.o
                0x00002f06                USB_PHY1_IRQHandler
 .text.USB_PHY2_IRQHandler
                0x00002f0e        0x8 ./startup/startup_mimxrt1052.o
                0x00002f0e                USB_PHY2_IRQHandler
 .text.ADC1_IRQHandler
                0x00002f16        0x8 ./startup/startup_mimxrt1052.o
                0x00002f16                ADC1_IRQHandler
 .text.ADC2_IRQHandler
                0x00002f1e        0x8 ./startup/startup_mimxrt1052.o
                0x00002f1e                ADC2_IRQHandler
 .text.DCDC_IRQHandler
                0x00002f26        0x8 ./startup/startup_mimxrt1052.o
                0x00002f26                DCDC_IRQHandler
 .text.Reserved86_IRQHandler
                0x00002f2e        0x8 ./startup/startup_mimxrt1052.o
                0x00002f2e                Reserved86_IRQHandler
 .text.Reserved87_IRQHandler
                0x00002f36        0x8 ./startup/startup_mimxrt1052.o
                0x00002f36                Reserved87_IRQHandler
 .text.GPIO1_INT0_IRQHandler
                0x00002f3e        0x8 ./startup/startup_mimxrt1052.o
                0x00002f3e                GPIO1_INT0_IRQHandler
 .text.GPIO1_INT1_IRQHandler
                0x00002f46        0x8 ./startup/startup_mimxrt1052.o
                0x00002f46                GPIO1_INT1_IRQHandler
 .text.GPIO1_INT2_IRQHandler
                0x00002f4e        0x8 ./startup/startup_mimxrt1052.o
                0x00002f4e                GPIO1_INT2_IRQHandler
 .text.GPIO1_INT3_IRQHandler
                0x00002f56        0x8 ./startup/startup_mimxrt1052.o
                0x00002f56                GPIO1_INT3_IRQHandler
 .text.GPIO1_INT4_IRQHandler
                0x00002f5e        0x8 ./startup/startup_mimxrt1052.o
                0x00002f5e                GPIO1_INT4_IRQHandler
 .text.GPIO1_INT5_IRQHandler
                0x00002f66        0x8 ./startup/startup_mimxrt1052.o
                0x00002f66                GPIO1_INT5_IRQHandler
 .text.GPIO1_INT6_IRQHandler
                0x00002f6e        0x8 ./startup/startup_mimxrt1052.o
                0x00002f6e                GPIO1_INT6_IRQHandler
 .text.GPIO1_INT7_IRQHandler
                0x00002f76        0x8 ./startup/startup_mimxrt1052.o
                0x00002f76                GPIO1_INT7_IRQHandler
 .text.GPIO1_Combined_0_15_IRQHandler
                0x00002f7e        0x8 ./startup/startup_mimxrt1052.o
                0x00002f7e                GPIO1_Combined_0_15_IRQHandler
 .text.GPIO1_Combined_16_31_IRQHandler
                0x00002f86        0x8 ./startup/startup_mimxrt1052.o
                0x00002f86                GPIO1_Combined_16_31_IRQHandler
 .text.GPIO2_Combined_0_15_IRQHandler
                0x00002f8e        0x8 ./startup/startup_mimxrt1052.o
                0x00002f8e                GPIO2_Combined_0_15_IRQHandler
 .text.GPIO2_Combined_16_31_IRQHandler
                0x00002f96        0x8 ./startup/startup_mimxrt1052.o
                0x00002f96                GPIO2_Combined_16_31_IRQHandler
 .text.GPIO3_Combined_0_15_IRQHandler
                0x00002f9e        0x8 ./startup/startup_mimxrt1052.o
                0x00002f9e                GPIO3_Combined_0_15_IRQHandler
 .text.GPIO3_Combined_16_31_IRQHandler
                0x00002fa6        0x8 ./startup/startup_mimxrt1052.o
                0x00002fa6                GPIO3_Combined_16_31_IRQHandler
 .text.GPIO4_Combined_0_15_IRQHandler
                0x00002fae        0x8 ./startup/startup_mimxrt1052.o
                0x00002fae                GPIO4_Combined_0_15_IRQHandler
 .text.GPIO4_Combined_16_31_IRQHandler
                0x00002fb6        0x8 ./startup/startup_mimxrt1052.o
                0x00002fb6                GPIO4_Combined_16_31_IRQHandler
 .text.GPIO5_Combined_0_15_IRQHandler
                0x00002fbe        0x8 ./startup/startup_mimxrt1052.o
                0x00002fbe                GPIO5_Combined_0_15_IRQHandler
 .text.GPIO5_Combined_16_31_IRQHandler
                0x00002fc6        0x8 ./startup/startup_mimxrt1052.o
                0x00002fc6                GPIO5_Combined_16_31_IRQHandler
 .text.FLEXIO1_IRQHandler
                0x00002fce        0x8 ./startup/startup_mimxrt1052.o
                0x00002fce                FLEXIO1_IRQHandler
 .text.FLEXIO2_IRQHandler
                0x00002fd6        0x8 ./startup/startup_mimxrt1052.o
                0x00002fd6                FLEXIO2_IRQHandler
 .text.WDOG1_IRQHandler
                0x00002fde        0x8 ./startup/startup_mimxrt1052.o
                0x00002fde                WDOG1_IRQHandler
 .text.RTWDOG_IRQHandler
                0x00002fe6        0x8 ./startup/startup_mimxrt1052.o
                0x00002fe6                RTWDOG_IRQHandler
 .text.EWM_IRQHandler
                0x00002fee        0x8 ./startup/startup_mimxrt1052.o
                0x00002fee                EWM_IRQHandler
 .text.CCM_1_IRQHandler
                0x00002ff6        0x8 ./startup/startup_mimxrt1052.o
                0x00002ff6                CCM_1_IRQHandler
 .text.CCM_2_IRQHandler
                0x00002ffe        0x8 ./startup/startup_mimxrt1052.o
                0x00002ffe                CCM_2_IRQHandler
 .text.GPC_IRQHandler
                0x00003006        0x8 ./startup/startup_mimxrt1052.o
                0x00003006                GPC_IRQHandler
 .text.SRC_IRQHandler
                0x0000300e        0x8 ./startup/startup_mimxrt1052.o
                0x0000300e                SRC_IRQHandler
 .text.Reserved115_IRQHandler
                0x00003016        0x8 ./startup/startup_mimxrt1052.o
                0x00003016                Reserved115_IRQHandler
 .text.GPT1_IRQHandler
                0x0000301e        0x8 ./startup/startup_mimxrt1052.o
                0x0000301e                GPT1_IRQHandler
 .text.GPT2_IRQHandler
                0x00003026        0x8 ./startup/startup_mimxrt1052.o
                0x00003026                GPT2_IRQHandler
 .text.PWM1_0_IRQHandler
                0x0000302e        0x8 ./startup/startup_mimxrt1052.o
                0x0000302e                PWM1_0_IRQHandler
 .text.PWM1_1_IRQHandler
                0x00003036        0x8 ./startup/startup_mimxrt1052.o
                0x00003036                PWM1_1_IRQHandler
 .text.PWM1_2_IRQHandler
                0x0000303e        0x8 ./startup/startup_mimxrt1052.o
                0x0000303e                PWM1_2_IRQHandler
 .text.PWM1_3_IRQHandler
                0x00003046        0x8 ./startup/startup_mimxrt1052.o
                0x00003046                PWM1_3_IRQHandler
 .text.PWM1_FAULT_IRQHandler
                0x0000304e        0x8 ./startup/startup_mimxrt1052.o
                0x0000304e                PWM1_FAULT_IRQHandler
 .text.Reserved123_IRQHandler
                0x00003056        0x8 ./startup/startup_mimxrt1052.o
                0x00003056                Reserved123_IRQHandler
 .text.FLEXSPI_IRQHandler
                0x0000305e        0x8 ./startup/startup_mimxrt1052.o
                0x0000305e                FLEXSPI_IRQHandler
 .text.SEMC_IRQHandler
                0x00003066        0x8 ./startup/startup_mimxrt1052.o
                0x00003066                SEMC_IRQHandler
 .text.USDHC1_IRQHandler
                0x0000306e        0x8 ./startup/startup_mimxrt1052.o
                0x0000306e                USDHC1_IRQHandler
 .text.USDHC2_IRQHandler
                0x00003076        0x8 ./startup/startup_mimxrt1052.o
                0x00003076                USDHC2_IRQHandler
 .text.USB_OTG2_IRQHandler
                0x0000307e        0x8 ./startup/startup_mimxrt1052.o
                0x0000307e                USB_OTG2_IRQHandler
 .text.USB_OTG1_IRQHandler
                0x00003086        0x8 ./startup/startup_mimxrt1052.o
                0x00003086                USB_OTG1_IRQHandler
 .text.ENET_IRQHandler
                0x0000308e        0x8 ./startup/startup_mimxrt1052.o
                0x0000308e                ENET_IRQHandler
 .text.ENET_1588_Timer_IRQHandler
                0x00003096        0x8 ./startup/startup_mimxrt1052.o
                0x00003096                ENET_1588_Timer_IRQHandler
 .text.XBAR1_IRQ_0_1_IRQHandler
                0x0000309e        0x8 ./startup/startup_mimxrt1052.o
                0x0000309e                XBAR1_IRQ_0_1_IRQHandler
 .text.XBAR1_IRQ_2_3_IRQHandler
                0x000030a6        0x8 ./startup/startup_mimxrt1052.o
                0x000030a6                XBAR1_IRQ_2_3_IRQHandler
 .text.ADC_ETC_IRQ0_IRQHandler
                0x000030ae        0x8 ./startup/startup_mimxrt1052.o
                0x000030ae                ADC_ETC_IRQ0_IRQHandler
 .text.ADC_ETC_IRQ1_IRQHandler
                0x000030b6        0x8 ./startup/startup_mimxrt1052.o
                0x000030b6                ADC_ETC_IRQ1_IRQHandler
 .text.ADC_ETC_IRQ2_IRQHandler
                0x000030be        0x8 ./startup/startup_mimxrt1052.o
                0x000030be                ADC_ETC_IRQ2_IRQHandler
 .text.ADC_ETC_ERROR_IRQ_IRQHandler
                0x000030c6        0x8 ./startup/startup_mimxrt1052.o
                0x000030c6                ADC_ETC_ERROR_IRQ_IRQHandler
 .text.ACMP1_IRQHandler
                0x000030ce        0x8 ./startup/startup_mimxrt1052.o
                0x000030ce                ACMP1_IRQHandler
 .text.ACMP2_IRQHandler
                0x000030d6        0x8 ./startup/startup_mimxrt1052.o
                0x000030d6                ACMP2_IRQHandler
 .text.ACMP3_IRQHandler
                0x000030de        0x8 ./startup/startup_mimxrt1052.o
                0x000030de                ACMP3_IRQHandler
 .text.ACMP4_IRQHandler
                0x000030e6        0x8 ./startup/startup_mimxrt1052.o
                0x000030e6                ACMP4_IRQHandler
 .text.Reserved143_IRQHandler
                0x000030ee        0x8 ./startup/startup_mimxrt1052.o
                0x000030ee                Reserved143_IRQHandler
 .text.Reserved144_IRQHandler
                0x000030f6        0x8 ./startup/startup_mimxrt1052.o
                0x000030f6                Reserved144_IRQHandler
 .text.ENC1_IRQHandler
                0x000030fe        0x8 ./startup/startup_mimxrt1052.o
                0x000030fe                ENC1_IRQHandler
 .text.ENC2_IRQHandler
                0x00003106        0x8 ./startup/startup_mimxrt1052.o
                0x00003106                ENC2_IRQHandler
 .text.ENC3_IRQHandler
                0x0000310e        0x8 ./startup/startup_mimxrt1052.o
                0x0000310e                ENC3_IRQHandler
 .text.ENC4_IRQHandler
                0x00003116        0x8 ./startup/startup_mimxrt1052.o
                0x00003116                ENC4_IRQHandler
 .text.TMR1_IRQHandler
                0x0000311e        0x8 ./startup/startup_mimxrt1052.o
                0x0000311e                TMR1_IRQHandler
 .text.TMR2_IRQHandler
                0x00003126        0x8 ./startup/startup_mimxrt1052.o
                0x00003126                TMR2_IRQHandler
 .text.TMR3_IRQHandler
                0x0000312e        0x8 ./startup/startup_mimxrt1052.o
                0x0000312e                TMR3_IRQHandler
 .text.TMR4_IRQHandler
                0x00003136        0x8 ./startup/startup_mimxrt1052.o
                0x00003136                TMR4_IRQHandler
 .text.PWM2_0_IRQHandler
                0x0000313e        0x8 ./startup/startup_mimxrt1052.o
                0x0000313e                PWM2_0_IRQHandler
 .text.PWM2_1_IRQHandler
                0x00003146        0x8 ./startup/startup_mimxrt1052.o
                0x00003146                PWM2_1_IRQHandler
 .text.PWM2_2_IRQHandler
                0x0000314e        0x8 ./startup/startup_mimxrt1052.o
                0x0000314e                PWM2_2_IRQHandler
 .text.PWM2_3_IRQHandler
                0x00003156        0x8 ./startup/startup_mimxrt1052.o
                0x00003156                PWM2_3_IRQHandler
 .text.PWM2_FAULT_IRQHandler
                0x0000315e        0x8 ./startup/startup_mimxrt1052.o
                0x0000315e                PWM2_FAULT_IRQHandler
 .text.PWM3_0_IRQHandler
                0x00003166        0x8 ./startup/startup_mimxrt1052.o
                0x00003166                PWM3_0_IRQHandler
 .text.PWM3_1_IRQHandler
                0x0000316e        0x8 ./startup/startup_mimxrt1052.o
                0x0000316e                PWM3_1_IRQHandler
 .text.PWM3_2_IRQHandler
                0x00003176        0x8 ./startup/startup_mimxrt1052.o
                0x00003176                PWM3_2_IRQHandler
 .text.PWM3_3_IRQHandler
                0x0000317e        0x8 ./startup/startup_mimxrt1052.o
                0x0000317e                PWM3_3_IRQHandler
 .text.PWM3_FAULT_IRQHandler
                0x00003186        0x8 ./startup/startup_mimxrt1052.o
                0x00003186                PWM3_FAULT_IRQHandler
 .text.PWM4_0_IRQHandler
                0x0000318e        0x8 ./startup/startup_mimxrt1052.o
                0x0000318e                PWM4_0_IRQHandler
 .text.PWM4_1_IRQHandler
                0x00003196        0x8 ./startup/startup_mimxrt1052.o
                0x00003196                PWM4_1_IRQHandler
 .text.PWM4_2_IRQHandler
                0x0000319e        0x8 ./startup/startup_mimxrt1052.o
                0x0000319e                PWM4_2_IRQHandler
 .text.PWM4_3_IRQHandler
                0x000031a6        0x8 ./startup/startup_mimxrt1052.o
                0x000031a6                PWM4_3_IRQHandler
 .text.PWM4_FAULT_IRQHandler
                0x000031ae        0x8 ./startup/startup_mimxrt1052.o
                0x000031ae                PWM4_FAULT_IRQHandler
 .text.EnableIRQ
                0x000031b6       0x2c ./source/IMXRT1050_Demo.o
 .text.GPIO_PortToggle
                0x000031e2       0x1e ./source/IMXRT1050_Demo.o
 .text.PIT_EnableInterrupts
                0x00003200       0x3a ./source/IMXRT1050_Demo.o
 .text.PIT_GetStatusFlags
                0x0000323a       0x2a ./source/IMXRT1050_Demo.o
 .text.PIT_ClearStatusFlags
                0x00003264       0x2a ./source/IMXRT1050_Demo.o
 .text.PIT_SetTimerPeriod
                0x0000328e       0x28 ./source/IMXRT1050_Demo.o
 .text.PIT_StartTimer
                0x000032b6       0x38 ./source/IMXRT1050_Demo.o
 .text.HardFault_Handler
                0x000032ee       0x2c ./source/semihost_hardfault.o
                0x000032ee                HardFault_Handler
 .text.CLOCK_GetRtcFreq
                0x0000331a       0x12 ./drivers/fsl_clock.o
 .text.CLOCK_IsPllBypassed
                0x0000332c       0x32 ./drivers/fsl_clock.o
 .text.CLOCK_IsPllEnabled
                0x0000335e       0x3c ./drivers/fsl_clock.o
 .text.CLOCK_GetPllBypassRefClk
                0x0000339a       0x34 ./drivers/fsl_clock.o
 .text.CLOCK_EnableClock
                0x000033ce       0x1e ./drivers/fsl_gpio.o
 .text.GPIO_SetPinInterruptConfig
                0x000033ec       0x22 ./drivers/fsl_gpio.o
 .text.CLOCK_EnableClock
                0x0000340e       0x1e ./drivers/fsl_pit.o
 .text.SystemInitHook
                0x0000342c        0xe ./device/system_MIMXRT1052.o
                0x0000342c                SystemInitHook
 .text.SerialManager_StartWriting
                0x0000343a       0x38 ./component/serial_manager/serial_manager.o
 .text.SerialManager_WriteBlocking
                0x00003472       0x20 ./component/serial_manager/serial_manager.o
                0x00003472                SerialManager_WriteBlocking
 .text.BOARD_InitDebugConsole
                0x00003492        0xe ./board/board.o
                0x00003492                BOARD_InitDebugConsole
 .text.CLOCK_DisableClock
                0x000034a0       0x1e ./board/clock_config.o
 .text.CLOCK_SetPllBypass
                0x000034be       0x4e ./board/clock_config.o
 .text.IOMUXC_SetSaiMClkClockSource
                0x0000350c       0x6c ./board/clock_config.o
 .text.BOARD_InitBootClocks
                0x00003578        0xc ./board/clock_config.o
                0x00003578                BOARD_InitBootClocks
 .text.BOARD_InitPeripherals
                0x00003584        0xe ./board/peripherals.o
                0x00003584                BOARD_InitPeripherals
 .text.BOARD_InitBootPeripherals
                0x00003592        0xc ./board/peripherals.o
                0x00003592                BOARD_InitBootPeripherals
 .text.CLOCK_EnableClock
                0x0000359e       0x1e ./board/pin_mux.o
 .text.IOMUXC_SetPinMux
                0x000035bc       0x3a ./board/pin_mux.o
 .text.BOARD_InitBootPins
                0x000035f6        0xc ./board/pin_mux.o
                0x000035f6                BOARD_InitBootPins
 .text.__main   0x00003602        0xe c:/nxp/mcuxpressoide_11.2.1_4149/ide/plugins/com.nxp.mcuxpresso.tools.win32_11.2.0.202008311134/tools/bin/../lib/gcc/arm-none-eabi/9.2.1/../../../../arm-none-eabi/lib/thumb/v7e-m+fp/hard\libcr_semihost_nf.a(_cr__main.o)
                0x00003602                __CR_SEMIHOST
                0x00003602                __main
 .text.memset   0x00003610        0x4 c:/nxp/mcuxpressoide_11.2.1_4149/ide/plugins/com.nxp.mcuxpresso.tools.win32_11.2.0.202008311134/tools/bin/../lib/gcc/arm-none-eabi/9.2.1/../../../../arm-none-eabi/lib/thumb/v7e-m+fp/hard\libcr_c.a(memset.o)
                0x00003610                memset
 .text._deferredlazyseek
                0x00003614       0x40 c:/nxp/mcuxpressoide_11.2.1_4149/ide/plugins/com.nxp.mcuxpresso.tools.win32_11.2.0.202008311134/tools/bin/../lib/gcc/arm-none-eabi/9.2.1/../../../../arm-none-eabi/lib/thumb/v7e-m+fp/hard\libcr_c.a(_deferredlazyseek.o)
                0x00003614                _deferredlazyseek
 .text.__flsbuf
                0x00003654      0x140 c:/nxp/mcuxpressoide_11.2.1_4149/ide/plugins/com.nxp.mcuxpresso.tools.win32_11.2.0.202008311134/tools/bin/../lib/gcc/arm-none-eabi/9.2.1/../../../../arm-none-eabi/lib/thumb/v7e-m+fp/hard\libcr_c.a(_deferredlazyseek.o)
                0x00003654                __flsbuf
 .text._fflush  0x00003794       0x52 c:/nxp/mcuxpressoide_11.2.1_4149/ide/plugins/com.nxp.mcuxpresso.tools.win32_11.2.0.202008311134/tools/bin/../lib/gcc/arm-none-eabi/9.2.1/../../../../arm-none-eabi/lib/thumb/v7e-m+fp/hard\libcr_c.a(_fflush.o)
                0x00003794                _fflush
 .text.free     0x000037e6       0x30 c:/nxp/mcuxpressoide_11.2.1_4149/ide/plugins/com.nxp.mcuxpresso.tools.win32_11.2.0.202008311134/tools/bin/../lib/gcc/arm-none-eabi/9.2.1/../../../../arm-none-eabi/lib/thumb/v7e-m+fp/hard\libcr_c.a(alloc.o)
                0x000037e6                free
 .text.fputs    0x00003816       0x2c c:/nxp/mcuxpressoide_11.2.1_4149/ide/plugins/com.nxp.mcuxpresso.tools.win32_11.2.0.202008311134/tools/bin/../lib/gcc/arm-none-eabi/9.2.1/../../../../arm-none-eabi/lib/thumb/v7e-m+fp/hard\libcr_c.a(fputs.o)
                0x00003816                fputs
 .text.setvbuf  0x00003842       0x3e c:/nxp/mcuxpressoide_11.2.1_4149/ide/plugins/com.nxp.mcuxpresso.tools.win32_11.2.0.202008311134/tools/bin/../lib/gcc/arm-none-eabi/9.2.1/../../../../arm-none-eabi/lib/thumb/v7e-m+fp/hard\libcr_c.a(setvbuf.o)
                0x00003842                setvbuf
 .text.strlen   0x00003880       0x4c c:/nxp/mcuxpressoide_11.2.1_4149/ide/plugins/com.nxp.mcuxpresso.tools.win32_11.2.0.202008311134/tools/bin/../lib/gcc/arm-none-eabi/9.2.1/../../../../arm-none-eabi/lib/thumb/v7e-m+fp/hard\libcr_c.a(strlen.o)
                0x00003880                strlen
 .text._fdopen  0x000038cc       0x68 c:/nxp/mcuxpressoide_11.2.1_4149/ide/plugins/com.nxp.mcuxpresso.tools.win32_11.2.0.202008311134/tools/bin/../lib/gcc/arm-none-eabi/9.2.1/../../../../arm-none-eabi/lib/thumb/v7e-m+fp/hard\libcr_c.a(_fdopen.o)
                0x000038cc                _fdopen
 .text.fclose   0x00003934       0x58 c:/nxp/mcuxpressoide_11.2.1_4149/ide/plugins/com.nxp.mcuxpresso.tools.win32_11.2.0.202008311134/tools/bin/../lib/gcc/arm-none-eabi/9.2.1/../../../../arm-none-eabi/lib/thumb/v7e-m+fp/hard\libcr_c.a(fclose.o)
                0x00003934                fclose
 .text.remove   0x0000398c       0x14 c:/nxp/mcuxpressoide_11.2.1_4149/ide/plugins/com.nxp.mcuxpresso.tools.win32_11.2.0.202008311134/tools/bin/../lib/gcc/arm-none-eabi/9.2.1/../../../../arm-none-eabi/lib/thumb/v7e-m+fp/hard\libcr_c.a(remove.o)
                0x0000398c                remove
 .text._do_fflush
                0x000039a0       0x40 c:/nxp/mcuxpressoide_11.2.1_4149/ide/plugins/com.nxp.mcuxpresso.tools.win32_11.2.0.202008311134/tools/bin/../lib/gcc/arm-none-eabi/9.2.1/../../../../arm-none-eabi/lib/thumb/v7e-m+fp/hard\libcr_c.a(_do_fflush.o)
                0x000039a0                _do_fflush
 .text.__aeabi_division_uldivmod
                0x000039e0      0x174 c:/nxp/mcuxpressoide_11.2.1_4149/ide/plugins/com.nxp.mcuxpresso.tools.win32_11.2.0.202008311134/tools/bin/../lib/gcc/arm-none-eabi/9.2.1/thumb/v7e-m+fp/hard\libcr_eabihelpers.a(division_64.o)
                0x000039e0                __aeabi_uldivmod
                0x000039e4                __bhs_ldivmod1
 .text.__aeabi_division_idiv0
                0x00003b54        0x2 c:/nxp/mcuxpressoide_11.2.1_4149/ide/plugins/com.nxp.mcuxpresso.tools.win32_11.2.0.202008311134/tools/bin/../lib/gcc/arm-none-eabi/9.2.1/thumb/v7e-m+fp/hard\libcr_eabihelpers.a(division_idiv0.o)
                0x00003b54                __aeabi_idiv0
 .text.__aeabi_memset_lowlevel
                0x00003b56       0x32 c:/nxp/mcuxpressoide_11.2.1_4149/ide/plugins/com.nxp.mcuxpresso.tools.win32_11.2.0.202008311134/tools/bin/../lib/gcc/arm-none-eabi/9.2.1/thumb/v7e-m+fp/hard\libcr_eabihelpers.a(memcpy.o)
                0x00003b56                __aeabi_lowlevel_memset
 .text.__sys_close
                0x00003b88        0xc c:/nxp/mcuxpressoide_11.2.1_4149/ide/plugins/com.nxp.mcuxpresso.tools.win32_11.2.0.202008311134/tools/bin/../lib/gcc/arm-none-eabi/9.2.1/../../../../arm-none-eabi/lib/thumb/v7e-m+fp/hard\libcr_semihost_nf.a(__sys_close.o)
                0x00003b88                __sys_close
 .text.__sys_flen
                0x00003b94        0xc c:/nxp/mcuxpressoide_11.2.1_4149/ide/plugins/com.nxp.mcuxpresso.tools.win32_11.2.0.202008311134/tools/bin/../lib/gcc/arm-none-eabi/9.2.1/../../../../arm-none-eabi/lib/thumb/v7e-m+fp/hard\libcr_semihost_nf.a(__sys_flen.o)
                0x00003b94                __sys_flen
 .text.__sys_istty
                0x00003ba0        0xc c:/nxp/mcuxpressoide_11.2.1_4149/ide/plugins/com.nxp.mcuxpresso.tools.win32_11.2.0.202008311134/tools/bin/../lib/gcc/arm-none-eabi/9.2.1/../../../../arm-none-eabi/lib/thumb/v7e-m+fp/hard\libcr_semihost_nf.a(__sys_istty.o)
                0x00003ba0                __sys_istty
 .text.__sys_remove
                0x00003bac        0xc c:/nxp/mcuxpressoide_11.2.1_4149/ide/plugins/com.nxp.mcuxpresso.tools.win32_11.2.0.202008311134/tools/bin/../lib/gcc/arm-none-eabi/9.2.1/../../../../arm-none-eabi/lib/thumb/v7e-m+fp/hard\libcr_semihost_nf.a(__sys_remove.o)
                0x00003bac                __sys_remove
 .text.__sys_seek
                0x00003bb8        0xc c:/nxp/mcuxpressoide_11.2.1_4149/ide/plugins/com.nxp.mcuxpresso.tools.win32_11.2.0.202008311134/tools/bin/../lib/gcc/arm-none-eabi/9.2.1/../../../../arm-none-eabi/lib/thumb/v7e-m+fp/hard\libcr_semihost_nf.a(__sys_seek.o)
                0x00003bb8                __sys_seek
 .text.__sys_tmpnam
                0x00003bc4        0xc c:/nxp/mcuxpressoide_11.2.1_4149/ide/plugins/com.nxp.mcuxpresso.tools.win32_11.2.0.202008311134/tools/bin/../lib/gcc/arm-none-eabi/9.2.1/../../../../arm-none-eabi/lib/thumb/v7e-m+fp/hard\libcr_semihost_nf.a(__sys_tmpnam.o)
                0x00003bc4                __sys_tmpnam
 .text.__sys_write
                0x00003bd0        0xc c:/nxp/mcuxpressoide_11.2.1_4149/ide/plugins/com.nxp.mcuxpresso.tools.win32_11.2.0.202008311134/tools/bin/../lib/gcc/arm-none-eabi/9.2.1/../../../../arm-none-eabi/lib/thumb/v7e-m+fp/hard\libcr_semihost_nf.a(__sys_write.o)
                0x00003bd0                __sys_write
 *(SORT_BY_ALIGNMENT(.rodata) SORT_BY_ALIGNMENT(.rodata.*) SORT_BY_ALIGNMENT(.constdata) SORT_BY_ALIGNMENT(.constdata.*))
 .rodata.DbgConsole_SendDataReliable.str1.4
                0x00003bdc       0x4e ./utilities/fsl_debug_console.o
 *fill*         0x00003c2a        0x2 ff
 .rodata.PIT_GetDefaultConfig.str1.4
                0x00003c2c       0x71 ./source/IMXRT1050_Demo.o
 *fill*         0x00003c9d        0x3 ff
 .rodata.main.str1.4
                0x00003ca0        0xd ./source/IMXRT1050_Demo.o
 *fill*         0x00003cad        0x3 ff
 .rodata.CLOCK_InitExternalClk.str1.4
                0x00003cb0       0x22 ./drivers/fsl_clock.o
 *fill*         0x00003cd2        0x2 ff
 .rodata.CLOCK_GetPllFreq.str1.4
                0x00003cd4       0x6e ./drivers/fsl_clock.o
 *fill*         0x00003d42        0x2 ff
 .rodata        0x00003d44       0x10 ./drivers/fsl_clock.o
 .rodata.CLOCK_ControlGate.str1.4
                0x00003d54       0x21 ./drivers/fsl_gpio.o
 *fill*         0x00003d75        0x3 ff
 .rodata.s_gpioBases
                0x00003d78       0x18 ./drivers/fsl_gpio.o
 .rodata.s_gpioClock
                0x00003d90        0xc ./drivers/fsl_gpio.o
 .rodata.GPIO_GetInstance.str1.4
                0x00003d9c       0x34 ./drivers/fsl_gpio.o
 .rodata.GPIO_PinWrite.str1.4
                0x00003dd0       0x1c ./drivers/fsl_gpio.o
 .rodata.LPUART_WriteBlocking.str1.4
                0x00003dec       0x21 ./drivers/fsl_lpuart.o
 .rodata.CLOCK_ControlGate.str1.4
                0x00003e0d       0x21 ./drivers/fsl_pit.o
 *fill*         0x00003e0d        0x3 ff
 .rodata.PIT_GetInstance.str1.4
                0x00003e10       0x32 ./drivers/fsl_pit.o
 *fill*         0x00003e42        0x2 ff
 .rodata.PIT_Init.str1.4
                0x00003e44       0x1f ./drivers/fsl_pit.o
 *fill*         0x00003e63        0x1 ff
 .rodata.s_LpuartAdapterBase
                0x00003e64       0x24 ./component/uart/lpuart_adapter.o
 .rodata.HAL_UartSendBlocking.str1.4
                0x00003e88       0x5f ./component/uart/lpuart_adapter.o
 *fill*         0x00003ee7        0x1 ff
 .rodata.SerialManager_Write.str1.4
                0x00003ee8       0x83 ./component/serial_manager/serial_manager.o
 *fill*         0x00003f6b        0x1 ff
 .rodata.Serial_UartWrite.str1.4
                0x00003f6c       0x6d ./component/serial_manager/serial_port_uart.o
 *fill*         0x00003fd9        0x3 ff
 .rodata.CLOCK_SetMux.str1.4
                0x00003fdc       0x82 ./board/clock_config.o
 *fill*         0x0000405e        0x2 ff
 .rodata.CLOCK_SetDiv.str1.4
                0x00004060       0x83 ./board/clock_config.o
 *fill*         0x000040e3        0x1 ff
 .rodata.CLOCK_ControlGate.str1.4
                0x000040e4       0x72 ./board/clock_config.o
 *fill*         0x00004156        0x2 ff
 .rodata.armPllConfig_BOARD_BootClockRUN
                0x00004158        0x8 ./board/clock_config.o
                0x00004158                armPllConfig_BOARD_BootClockRUN
 .rodata.enetPllConfig_BOARD_BootClockRUN
                0x00004160        0x4 ./board/clock_config.o
                0x00004160                enetPllConfig_BOARD_BootClockRUN
 .rodata.CLOCK_ControlGate.str1.4
                0x00004164       0x72 ./board/pin_mux.o
 .rodata.__num_Ciob_streams
                0x00004164        0x4 c:/nxp/mcuxpressoide_11.2.1_4149/ide/plugins/com.nxp.mcuxpresso.tools.win32_11.2.0.202008311134/tools/bin/../lib/gcc/arm-none-eabi/9.2.1/../../../../arm-none-eabi/lib/thumb/v7e-m+fp/hard\libcr_semihost_nf.a(__ciob.o)
                0x00004164                __num_Ciob_streams
 .rodata.__assertion_failed.str1.1
                0x00004168       0x15 c:/nxp/mcuxpressoide_11.2.1_4149/ide/plugins/com.nxp.mcuxpresso.tools.win32_11.2.0.202008311134/tools/bin/../lib/gcc/arm-none-eabi/9.2.1/../../../../arm-none-eabi/lib/thumb/v7e-m+fp/hard\libcr_semihost_nf.a(_cr_assert.o)
 .rodata._Csys_alloc.str1.1
                0x0000417d       0x18 c:/nxp/mcuxpressoide_11.2.1_4149/ide/plugins/com.nxp.mcuxpresso.tools.win32_11.2.0.202008311134/tools/bin/../lib/gcc/arm-none-eabi/9.2.1/../../../../arm-none-eabi/lib/thumb/v7e-m+fp/hard\libcr_c.a(alloc.o)
 .rodata._initio.str1.1
                0x00004195        0x4 c:/nxp/mcuxpressoide_11.2.1_4149/ide/plugins/com.nxp.mcuxpresso.tools.win32_11.2.0.202008311134/tools/bin/../lib/gcc/arm-none-eabi/9.2.1/../../../../arm-none-eabi/lib/thumb/v7e-m+fp/hard\libcr_c.a(initio.o)
                0x000041d8                . = ALIGN (0x4)
 *fill*         0x00004199        0x3 ff

.glue_7         0x0000419c        0x0
 .glue_7        0x0000419c        0x0 linker stubs

.glue_7t        0x0000419c        0x0
 .glue_7t       0x0000419c        0x0 linker stubs

.vfp11_veneer   0x0000419c        0x0
 .vfp11_veneer  0x0000419c        0x0 linker stubs

.v4_bx          0x0000419c        0x0
 .v4_bx         0x0000419c        0x0 linker stubs

.iplt           0x0000419c        0x0
 .iplt          0x0000419c        0x0 ./utilities/fsl_debug_console.o

.rel.dyn        0x0000419c        0x0
 .rel.iplt      0x0000419c        0x0 ./utilities/fsl_debug_console.o

.ARM.extab
 *(SORT_BY_ALIGNMENT(.ARM.extab*) SORT_BY_ALIGNMENT(.gnu.linkonce.armextab.*))

.ARM.exidx      0x0000419c        0x0
                0x0000419c                __exidx_start = .
 *(SORT_BY_ALIGNMENT(.ARM.exidx*) SORT_BY_ALIGNMENT(.gnu.linkonce.armexidx.*))
                0x0000419c                __exidx_end = .
                0x0000419c                _etext = .

.data_RAM2      0x20000000        0x0 load address 0x0000419c
 FILL mask 0xff
                [!provide]                PROVIDE (__start_data_RAM2 = .)
                [!provide]                PROVIDE (__start_data_SRAM_DTC = .)
 *(SORT_BY_ALIGNMENT(.ramfunc.$RAM2))
 *(SORT_BY_ALIGNMENT(.ramfunc.$SRAM_DTC))
 *(SORT_BY_ALIGNMENT(.data.$RAM2))
 *(SORT_BY_ALIGNMENT(.data.$SRAM_DTC))
 *(SORT_BY_ALIGNMENT(.data.$RAM2.*))
 *(SORT_BY_ALIGNMENT(.data.$SRAM_DTC.*))
                0x20000000                . = ALIGN (0x4)
                [!provide]                PROVIDE (__end_data_RAM2 = .)
                [!provide]                PROVIDE (__end_data_SRAM_DTC = .)

.data_RAM3      0x20200000        0x0 load address 0x0000419c
 FILL mask 0xff
                [!provide]                PROVIDE (__start_data_RAM3 = .)
                [!provide]                PROVIDE (__start_data_SRAM_OC = .)
 *(SORT_BY_ALIGNMENT(.ramfunc.$RAM3))
 *(SORT_BY_ALIGNMENT(.ramfunc.$SRAM_OC))
 *(SORT_BY_ALIGNMENT(.data.$RAM3))
 *(SORT_BY_ALIGNMENT(.data.$SRAM_OC))
 *(SORT_BY_ALIGNMENT(.data.$RAM3.*))
 *(SORT_BY_ALIGNMENT(.data.$SRAM_OC.*))
                0x20200000                . = ALIGN (0x4)
                [!provide]                PROVIDE (__end_data_RAM3 = .)
                [!provide]                PROVIDE (__end_data_SRAM_OC = .)

.uninit_RESERVED
                0x0000419c        0x0
                0x0000419c                _start_uninit_RESERVED = .
 *(SORT_BY_ALIGNMENT(.bss.$RESERVED*))
                0x0000419c                . = ALIGN (0x4)
                0x0000419c                _end_uninit_RESERVED = .

.data           0x0000419c        0x4
 FILL mask 0xff
                0x0000419c                _data = .
                [!provide]                PROVIDE (__start_data_RAM = .)
                [!provide]                PROVIDE (__start_data_SRAM_ITC = .)
 *(SORT_BY_ALIGNMENT(vtable))
 *(SORT_BY_ALIGNMENT(.ramfunc*))
 *(SORT_BY_ALIGNMENT(CodeQuickAccess))
 *(SORT_BY_ALIGNMENT(DataQuickAccess))
 *(SORT_BY_ALIGNMENT(RamFunction))
 *(SORT_BY_ALIGNMENT(.data*))
 .data.SystemCoreClock
                0x0000419c        0x4 ./device/system_MIMXRT1052.o
                0x0000419c                SystemCoreClock
                0x000041a0                . = ALIGN (0x4)
                0x000041a0                _edata = .
                [!provide]                PROVIDE (__end_data_RAM = .)
                [!provide]                PROVIDE (__end_data_SRAM_ITC = .)

.igot.plt       0x000041a0        0x0
 .igot.plt      0x000041a0        0x0 ./utilities/fsl_debug_console.o

.bss_RAM2       0x20000000        0x0
                [!provide]                PROVIDE (__start_bss_RAM2 = .)
                [!provide]                PROVIDE (__start_bss_SRAM_DTC = .)
 *(SORT_BY_ALIGNMENT(.bss.$RAM2))
 *(SORT_BY_ALIGNMENT(.bss.$SRAM_DTC))
 *(SORT_BY_ALIGNMENT(.bss.$RAM2.*))
 *(SORT_BY_ALIGNMENT(.bss.$SRAM_DTC.*))
                0x20000000                . = ALIGN ((. != 0x0)?0x4:0x1)
                [!provide]                PROVIDE (__end_bss_RAM2 = .)
                [!provide]                PROVIDE (__end_bss_SRAM_DTC = .)

.bss_RAM3       0x20200000        0x0
                [!provide]                PROVIDE (__start_bss_RAM3 = .)
                [!provide]                PROVIDE (__start_bss_SRAM_OC = .)
 *(SORT_BY_ALIGNMENT(.bss.$RAM3))
 *(SORT_BY_ALIGNMENT(.bss.$SRAM_OC))
 *(SORT_BY_ALIGNMENT(.bss.$RAM3.*))
 *(SORT_BY_ALIGNMENT(.bss.$SRAM_OC.*))
                0x20200000                . = ALIGN ((. != 0x0)?0x4:0x1)
                [!provide]                PROVIDE (__end_bss_RAM3 = .)
                [!provide]                PROVIDE (__end_bss_SRAM_OC = .)

.bss            0x000041a0       0xf0
                0x000041a0                _bss = .
                [!provide]                PROVIDE (__start_bss_RAM = .)
                [!provide]                PROVIDE (__start_bss_SRAM_ITC = .)
 *(SORT_BY_ALIGNMENT(.bss*))
 .bss.g_serialHandle
                0x000041a0        0x4 ./utilities/fsl_debug_console.o
                0x000041a0                g_serialHandle
 .bss.g_xtalFreq
                0x000041a4        0x4 ./drivers/fsl_clock.o
                0x000041a4                g_xtalFreq
 .bss.s_lpuartHandle
                0x000041a8       0x24 ./drivers/fsl_lpuart.o
 .bss.s_lpuartIsr
                0x000041cc        0x4 ./drivers/fsl_lpuart.o
 .bss.__Ciob    0x000041d0       0xb4 c:/nxp/mcuxpressoide_11.2.1_4149/ide/plugins/com.nxp.mcuxpresso.tools.win32_11.2.0.202008311134/tools/bin/../lib/gcc/arm-none-eabi/9.2.1/../../../../arm-none-eabi/lib/thumb/v7e-m+fp/hard\libcr_semihost_nf.a(__ciob.o)
                0x000041d0                __Ciob
 .bss.__end_of_heap
                0x00004284        0x4 c:/nxp/mcuxpressoide_11.2.1_4149/ide/plugins/com.nxp.mcuxpresso.tools.win32_11.2.0.202008311134/tools/bin/../lib/gcc/arm-none-eabi/9.2.1/../../../../arm-none-eabi/lib/thumb/v7e-m+fp/hard\libcr_c.a(__init_alloc.o)
                0x00004284                __end_of_heap
 .bss.__heaps   0x00004288        0x4 c:/nxp/mcuxpressoide_11.2.1_4149/ide/plugins/com.nxp.mcuxpresso.tools.win32_11.2.0.202008311134/tools/bin/../lib/gcc/arm-none-eabi/9.2.1/../../../../arm-none-eabi/lib/thumb/v7e-m+fp/hard\libcr_c.a(__init_alloc.o)
                0x00004288                __heaps
 .bss.errno     0x0000428c        0x4 c:/nxp/mcuxpressoide_11.2.1_4149/ide/plugins/com.nxp.mcuxpresso.tools.win32_11.2.0.202008311134/tools/bin/../lib/gcc/arm-none-eabi/9.2.1/../../../../arm-none-eabi/lib/thumb/v7e-m+fp/hard\libcr_c.a(errno.o)
                0x0000428c                errno
 *(SORT_BY_ALIGNMENT(COMMON))
                0x00004290                . = ALIGN (0x4)
                0x00004290                _ebss = .
                [!provide]                PROVIDE (__end_bss_RAM = .)
                [!provide]                PROVIDE (__end_bss_SRAM_ITC = .)
                [!provide]                PROVIDE (end = .)

NonCacheable    0x00004290       0x1c
 NonCacheable   0x00004290       0x1c ./utilities/fsl_debug_console.o

.noinit_RAM2    0x20000000        0x0
                [!provide]                PROVIDE (__start_noinit_RAM2 = .)
                [!provide]                PROVIDE (__start_noinit_SRAM_DTC = .)
 *(SORT_BY_ALIGNMENT(.noinit.$RAM2))
 *(SORT_BY_ALIGNMENT(.noinit.$SRAM_DTC))
 *(SORT_BY_ALIGNMENT(.noinit.$RAM2.*))
 *(SORT_BY_ALIGNMENT(.noinit.$SRAM_DTC.*))
                0x20000000                . = ALIGN (0x4)
                [!provide]                PROVIDE (__end_noinit_RAM2 = .)
                [!provide]                PROVIDE (__end_noinit_SRAM_DTC = .)

.noinit_RAM3    0x20200000        0x0
                [!provide]                PROVIDE (__start_noinit_RAM3 = .)
                [!provide]                PROVIDE (__start_noinit_SRAM_OC = .)
 *(SORT_BY_ALIGNMENT(.noinit.$RAM3))
 *(SORT_BY_ALIGNMENT(.noinit.$SRAM_OC))
 *(SORT_BY_ALIGNMENT(.noinit.$RAM3.*))
 *(SORT_BY_ALIGNMENT(.noinit.$SRAM_OC.*))
                0x20200000                . = ALIGN (0x4)
                [!provide]                PROVIDE (__end_noinit_RAM3 = .)
                [!provide]                PROVIDE (__end_noinit_SRAM_OC = .)

.noinit         0x000042ac        0x0
                0x000042ac                _noinit = .
                [!provide]                PROVIDE (__start_noinit_RAM = .)
                [!provide]                PROVIDE (__start_noinit_SRAM_ITC = .)
 *(SORT_BY_ALIGNMENT(.noinit*))
                0x000042ac                . = ALIGN (0x4)
                0x000042ac                _end_noinit = .
                [!provide]                PROVIDE (__end_noinit_RAM = .)
                [!provide]                PROVIDE (__end_noinit_SRAM_ITC = .)
                0x00001000                _HeapSize = 0x1000

.heap           0x000042ac     0x1000
                0x000042ac                _pvHeapStart = .
                0x000052ac                . = (. + _HeapSize)
 *fill*         0x000042ac     0x1000 
                0x000052ac                . = ALIGN (0x4)
                0x000052ac                _pvHeapLimit = .
                0x00001000                _StackSize = 0x1000

.heap2stackfill
                0x000052ac     0x1000
                0x000062ac                . = (. + _StackSize)
 *fill*         0x000052ac     0x1000 

.stack          0x0001f000        0x0
                0x0001f000                _vStackBase = .
                0x0001f000                . = ALIGN (0x4)
                0x00020000                _vStackTop = (. + _StackSize)
                0x00000000                _image_start = LOADADDR (.text)
                0x000041a0                _image_end = (LOADADDR (.data) + SIZEOF (.data))
                0x000041a0                _image_size = (_image_end - _image_start)
OUTPUT(IMXRT1050_Demo.axf elf32-littlearm)

.debug_info     0x00000000     0xd88a
 .debug_info    0x00000000      0xaae ./utilities/fsl_debug_console.o
 .debug_info    0x00000aae      0xafe ./utilities/fsl_str.o
 .debug_info    0x000015ac      0xdbf ./startup/startup_mimxrt1052.o
 .debug_info    0x0000236b     0x1396 ./source/IMXRT1050_Demo.o
 .debug_info    0x00003701       0x3c ./source/semihost_hardfault.o
 .debug_info    0x0000373d     0x1e21 ./drivers/fsl_clock.o
 .debug_info    0x0000555e      0xccc ./drivers/fsl_gpio.o
 .debug_info    0x0000622a     0x2287 ./drivers/fsl_lpuart.o
 .debug_info    0x000084b1      0xc0b ./drivers/fsl_pit.o
 .debug_info    0x000090bc      0xd48 ./device/system_MIMXRT1052.o
 .debug_info    0x00009e04      0xa5c ./component/uart/lpuart_adapter.o
 .debug_info    0x0000a860      0x8d4 ./component/serial_manager/serial_manager.o
 .debug_info    0x0000b134      0x582 ./component/serial_manager/serial_port_uart.o
 .debug_info    0x0000b6b6       0xba ./board/board.o
 .debug_info    0x0000b770     0x179c ./board/clock_config.o
 .debug_info    0x0000cf0c       0x4e ./board/peripherals.o
 .debug_info    0x0000cf5a      0x930 ./board/pin_mux.o

.debug_abbrev   0x00000000     0x203e
 .debug_abbrev  0x00000000      0x20b ./utilities/fsl_debug_console.o
 .debug_abbrev  0x0000020b      0x24d ./utilities/fsl_str.o
 .debug_abbrev  0x00000458      0x147 ./startup/startup_mimxrt1052.o
 .debug_abbrev  0x0000059f      0x2ed ./source/IMXRT1050_Demo.o
 .debug_abbrev  0x0000088c       0x31 ./source/semihost_hardfault.o
 .debug_abbrev  0x000008bd      0x38b ./drivers/fsl_clock.o
 .debug_abbrev  0x00000c48      0x255 ./drivers/fsl_gpio.o
 .debug_abbrev  0x00000e9d      0x354 ./drivers/fsl_lpuart.o
 .debug_abbrev  0x000011f1      0x23d ./drivers/fsl_pit.o
 .debug_abbrev  0x0000142e      0x1be ./device/system_MIMXRT1052.o
 .debug_abbrev  0x000015ec      0x1e1 ./component/uart/lpuart_adapter.o
 .debug_abbrev  0x000017cd      0x237 ./component/serial_manager/serial_manager.o
 .debug_abbrev  0x00001a04      0x160 ./component/serial_manager/serial_port_uart.o
 .debug_abbrev  0x00001b64       0x8b ./board/board.o
 .debug_abbrev  0x00001bef      0x218 ./board/clock_config.o
 .debug_abbrev  0x00001e07       0x4b ./board/peripherals.o
 .debug_abbrev  0x00001e52      0x1ec ./board/pin_mux.o

.debug_aranges  0x00000000      0xcf0
 .debug_aranges
                0x00000000       0x88 ./utilities/fsl_debug_console.o
 .debug_aranges
                0x00000088       0xb0 ./utilities/fsl_str.o
 .debug_aranges
                0x00000138      0x540 ./startup/startup_mimxrt1052.o
 .debug_aranges
                0x00000678       0x90 ./source/IMXRT1050_Demo.o
 .debug_aranges
                0x00000708       0x20 ./source/semihost_hardfault.o
 .debug_aranges
                0x00000728      0x170 ./drivers/fsl_clock.o
 .debug_aranges
                0x00000898       0x50 ./drivers/fsl_gpio.o
 .debug_aranges
                0x000008e8      0x160 ./drivers/fsl_lpuart.o
 .debug_aranges
                0x00000a48       0x50 ./drivers/fsl_pit.o
 .debug_aranges
                0x00000a98       0x30 ./device/system_MIMXRT1052.o
 .debug_aranges
                0x00000ac8       0x50 ./component/uart/lpuart_adapter.o
 .debug_aranges
                0x00000b18       0x98 ./component/serial_manager/serial_manager.o
 .debug_aranges
                0x00000bb0       0x48 ./component/serial_manager/serial_port_uart.o
 .debug_aranges
                0x00000bf8       0x20 ./board/board.o
 .debug_aranges
                0x00000c18       0x70 ./board/clock_config.o
 .debug_aranges
                0x00000c88       0x28 ./board/peripherals.o
 .debug_aranges
                0x00000cb0       0x40 ./board/pin_mux.o

.debug_ranges   0x00000000      0xbe0
 .debug_ranges  0x00000000       0x78 ./utilities/fsl_debug_console.o
 .debug_ranges  0x00000078       0xa0 ./utilities/fsl_str.o
 .debug_ranges  0x00000118      0x530 ./startup/startup_mimxrt1052.o
 .debug_ranges  0x00000648       0x80 ./source/IMXRT1050_Demo.o
 .debug_ranges  0x000006c8       0x10 ./source/semihost_hardfault.o
 .debug_ranges  0x000006d8      0x160 ./drivers/fsl_clock.o
 .debug_ranges  0x00000838       0x40 ./drivers/fsl_gpio.o
 .debug_ranges  0x00000878      0x150 ./drivers/fsl_lpuart.o
 .debug_ranges  0x000009c8       0x40 ./drivers/fsl_pit.o
 .debug_ranges  0x00000a08       0x20 ./device/system_MIMXRT1052.o
 .debug_ranges  0x00000a28       0x40 ./component/uart/lpuart_adapter.o
 .debug_ranges  0x00000a68       0x88 ./component/serial_manager/serial_manager.o
 .debug_ranges  0x00000af0       0x38 ./component/serial_manager/serial_port_uart.o
 .debug_ranges  0x00000b28       0x10 ./board/board.o
 .debug_ranges  0x00000b38       0x60 ./board/clock_config.o
 .debug_ranges  0x00000b98       0x18 ./board/peripherals.o
 .debug_ranges  0x00000bb0       0x30 ./board/pin_mux.o

.debug_macro    0x00000000     0x2c7e
 .debug_macro   0x00000000      0x19f ./utilities/fsl_debug_console.o
 .debug_macro   0x0000019f       0x16 ./utilities/fsl_debug_console.o
 .debug_macro   0x000001b5       0x10 ./utilities/fsl_debug_console.o
 .debug_macro   0x000001c5       0x28 ./utilities/fsl_debug_console.o
 .debug_macro   0x000001ed       0x50 ./utilities/fsl_debug_console.o
 .debug_macro   0x0000023d       0x2e ./utilities/fsl_debug_console.o
 .debug_macro   0x0000026b       0x2e ./utilities/fsl_debug_console.o
 .debug_macro   0x00000299       0x47 ./utilities/fsl_debug_console.o
 .debug_macro   0x000002e0       0x34 ./utilities/fsl_debug_console.o
 .debug_macro   0x00000314      0x128 ./utilities/fsl_str.o
 .debug_macro   0x0000043c       0xc4 ./utilities/fsl_str.o
 .debug_macro   0x00000500       0x1c ./utilities/fsl_str.o
 .debug_macro   0x0000051c       0x56 ./utilities/fsl_str.o
 .debug_macro   0x00000572       0x29 ./startup/startup_mimxrt1052.o
 .debug_macro   0x0000059b      0x187 ./source/IMXRT1050_Demo.o
 .debug_macro   0x00000722       0xd8 ./source/IMXRT1050_Demo.o
 .debug_macro   0x000007fa       0x10 ./source/IMXRT1050_Demo.o
 .debug_macro   0x0000080a       0x2e ./source/IMXRT1050_Demo.o
 .debug_macro   0x00000838      0x124 ./source/IMXRT1050_Demo.o
 .debug_macro   0x0000095c       0x2e ./source/IMXRT1050_Demo.o
 .debug_macro   0x0000098a       0x10 ./source/IMXRT1050_Demo.o
 .debug_macro   0x0000099a       0x10 ./source/IMXRT1050_Demo.o
 .debug_macro   0x000009aa       0x11 ./source/semihost_hardfault.o
 .debug_macro   0x000009bb      0x103 ./drivers/fsl_clock.o
 .debug_macro   0x00000abe       0x1c ./drivers/fsl_clock.o
 .debug_macro   0x00000ada      0x113 ./drivers/fsl_gpio.o
 .debug_macro   0x00000bed      0x112 ./drivers/fsl_lpuart.o
 .debug_macro   0x00000cff       0x10 ./drivers/fsl_lpuart.o
 .debug_macro   0x00000d0f      0x113 ./drivers/fsl_pit.o
 .debug_macro   0x00000e22       0xa7 ./device/system_MIMXRT1052.o
 .debug_macro   0x00000ec9      0x10f ./component/uart/lpuart_adapter.o
 .debug_macro   0x00000fd8       0x16 ./component/uart/lpuart_adapter.o
 .debug_macro   0x00000fee       0x2e ./component/uart/lpuart_adapter.o
 .debug_macro   0x0000101c      0x146 ./component/serial_manager/serial_manager.o
 .debug_macro   0x00001162      0x12e ./component/serial_manager/serial_port_uart.o
 .debug_macro   0x00001290       0x45 ./board/board.o
 .debug_macro   0x000012d5      0x115 ./board/clock_config.o
 .debug_macro   0x000013ea     0x1761 ./board/clock_config.o
 .debug_macro   0x00002b4b       0x1b ./board/peripherals.o
 .debug_macro   0x00002b66      0x118 ./board/pin_mux.o

.debug_line     0x00000000     0x7949
 .debug_line    0x00000000      0x816 ./utilities/fsl_debug_console.o
 .debug_line    0x00000816      0xab9 ./utilities/fsl_str.o
 .debug_line    0x000012cf      0xf41 ./startup/startup_mimxrt1052.o
 .debug_line    0x00002210      0x7af ./source/IMXRT1050_Demo.o
 .debug_line    0x000029bf       0x59 ./source/semihost_hardfault.o
 .debug_line    0x00002a18      0xec9 ./drivers/fsl_clock.o
 .debug_line    0x000038e1      0x500 ./drivers/fsl_gpio.o
 .debug_line    0x00003de1     0x125a ./drivers/fsl_lpuart.o
 .debug_line    0x0000503b      0x468 ./drivers/fsl_pit.o
 .debug_line    0x000054a3      0x56a ./device/system_MIMXRT1052.o
 .debug_line    0x00005a0d      0x507 ./component/uart/lpuart_adapter.o
 .debug_line    0x00005f14      0x7bb ./component/serial_manager/serial_manager.o
 .debug_line    0x000066cf      0x581 ./component/serial_manager/serial_port_uart.o
 .debug_line    0x00006c50      0x180 ./board/board.o
 .debug_line    0x00006dd0      0x6c1 ./board/clock_config.o
 .debug_line    0x00007491       0x71 ./board/peripherals.o
 .debug_line    0x00007502      0x447 ./board/pin_mux.o

.debug_str      0x00000000   0x15ab61
 .debug_str     0x00000000   0x144410 ./utilities/fsl_debug_console.o
                             0x14452a (size before relaxing)
 .debug_str     0x00144410      0x82c ./utilities/fsl_str.o
                             0x143646 (size before relaxing)
 .debug_str     0x00144c3c      0xe0c ./startup/startup_mimxrt1052.o
                               0x3d29 (size before relaxing)
 .debug_str     0x00145a48     0x1de3 ./source/IMXRT1050_Demo.o
                             0x1450e1 (size before relaxing)
 .debug_str     0x0014782b       0x1f ./source/semihost_hardfault.o
                               0x2f1d (size before relaxing)
 .debug_str     0x0014784a      0xda7 ./drivers/fsl_clock.o
                             0x1444d7 (size before relaxing)
 .debug_str     0x001485f1      0x77d ./drivers/fsl_gpio.o
                             0x143ddc (size before relaxing)
 .debug_str     0x00148d6e     0x10d6 ./drivers/fsl_lpuart.o
                             0x1456d6 (size before relaxing)
 .debug_str     0x00149e44       0xa0 ./drivers/fsl_pit.o
                             0x143ca3 (size before relaxing)
 .debug_str     0x00149ee4       0xd6 ./device/system_MIMXRT1052.o
                             0x141752 (size before relaxing)
 .debug_str     0x00149fba      0x2f9 ./component/uart/lpuart_adapter.o
                             0x143d31 (size before relaxing)
 .debug_str     0x0014a2b3      0x3dd ./component/serial_manager/serial_manager.o
                             0x1436fb (size before relaxing)
 .debug_str     0x0014a690       0xed ./component/serial_manager/serial_port_uart.o
                             0x1436de (size before relaxing)
 .debug_str     0x0014a77d       0x28 ./board/board.o
                               0x462a (size before relaxing)
 .debug_str     0x0014a7a5    0x102db ./board/clock_config.o
                             0x154bcf (size before relaxing)
 .debug_str     0x0015aa80       0x47 ./board/peripherals.o
                               0x2f44 (size before relaxing)
 .debug_str     0x0015aac7       0x9a ./board/pin_mux.o
                             0x1531d5 (size before relaxing)

.comment        0x00000000       0x79
 .comment       0x00000000       0x79 ./utilities/fsl_debug_console.o
                                 0x7a (size before relaxing)
 .comment       0x00000079       0x7a ./utilities/fsl_str.o
 .comment       0x00000079       0x7a ./startup/startup_mimxrt1052.o
 .comment       0x00000079       0x7a ./source/IMXRT1050_Demo.o
 .comment       0x00000079       0x7a ./source/semihost_hardfault.o
 .comment       0x00000079       0x7a ./drivers/fsl_clock.o
 .comment       0x00000079       0x7a ./drivers/fsl_gpio.o
 .comment       0x00000079       0x7a ./drivers/fsl_lpuart.o
 .comment       0x00000079       0x7a ./drivers/fsl_pit.o
 .comment       0x00000079       0x7a ./device/system_MIMXRT1052.o
 .comment       0x00000079       0x7a ./component/uart/lpuart_adapter.o
 .comment       0x00000079       0x7a ./component/serial_manager/serial_manager.o
 .comment       0x00000079       0x7a ./component/serial_manager/serial_port_uart.o
 .comment       0x00000079       0x7a ./board/board.o
 .comment       0x00000079       0x7a ./board/clock_config.o
 .comment       0x00000079       0x7a ./board/peripherals.o
 .comment       0x00000079       0x7a ./board/pin_mux.o
 .comment       0x00000079       0x7a c:/nxp/mcuxpressoide_11.2.1_4149/ide/plugins/com.nxp.mcuxpresso.tools.win32_11.2.0.202008311134/tools/bin/../lib/gcc/arm-none-eabi/9.2.1/../../../../arm-none-eabi/lib/thumb/v7e-m+fp/hard\libcr_semihost_nf.a(_cr__main.o)
 .comment       0x00000079       0x7a c:/nxp/mcuxpressoide_11.2.1_4149/ide/plugins/com.nxp.mcuxpresso.tools.win32_11.2.0.202008311134/tools/bin/../lib/gcc/arm-none-eabi/9.2.1/../../../../arm-none-eabi/lib/thumb/v7e-m+fp/hard\libcr_semihost_nf.a(_cr_assert.o)
 .comment       0x00000079       0x7a c:/nxp/mcuxpressoide_11.2.1_4149/ide/plugins/com.nxp.mcuxpresso.tools.win32_11.2.0.202008311134/tools/bin/../lib/gcc/arm-none-eabi/9.2.1/../../../../arm-none-eabi/lib/thumb/v7e-m+fp/hard\libcr_semihost_nf.a(__ciob.o)
 .comment       0x00000079       0x7a c:/nxp/mcuxpressoide_11.2.1_4149/ide/plugins/com.nxp.mcuxpresso.tools.win32_11.2.0.202008311134/tools/bin/../lib/gcc/arm-none-eabi/9.2.1/../../../../arm-none-eabi/lib/thumb/v7e-m+fp/hard\libcr_c.a(memset.o)
 .comment       0x00000079       0x7a c:/nxp/mcuxpressoide_11.2.1_4149/ide/plugins/com.nxp.mcuxpresso.tools.win32_11.2.0.202008311134/tools/bin/../lib/gcc/arm-none-eabi/9.2.1/../../../../arm-none-eabi/lib/thumb/v7e-m+fp/hard\libcr_c.a(_deferredlazyseek.o)
 .comment       0x00000079       0x7a c:/nxp/mcuxpressoide_11.2.1_4149/ide/plugins/com.nxp.mcuxpresso.tools.win32_11.2.0.202008311134/tools/bin/../lib/gcc/arm-none-eabi/9.2.1/../../../../arm-none-eabi/lib/thumb/v7e-m+fp/hard\libcr_c.a(_fflush.o)
 .comment       0x00000079       0x7a c:/nxp/mcuxpressoide_11.2.1_4149/ide/plugins/com.nxp.mcuxpresso.tools.win32_11.2.0.202008311134/tools/bin/../lib/gcc/arm-none-eabi/9.2.1/../../../../arm-none-eabi/lib/thumb/v7e-m+fp/hard\libcr_c.a(_writebuf.o)
 .comment       0x00000079       0x7a c:/nxp/mcuxpressoide_11.2.1_4149/ide/plugins/com.nxp.mcuxpresso.tools.win32_11.2.0.202008311134/tools/bin/../lib/gcc/arm-none-eabi/9.2.1/../../../../arm-none-eabi/lib/thumb/v7e-m+fp/hard\libcr_c.a(alloc.o)
 .comment       0x00000079       0x7a c:/nxp/mcuxpressoide_11.2.1_4149/ide/plugins/com.nxp.mcuxpresso.tools.win32_11.2.0.202008311134/tools/bin/../lib/gcc/arm-none-eabi/9.2.1/../../../../arm-none-eabi/lib/thumb/v7e-m+fp/hard\libcr_c.a(fputs.o)
 .comment       0x00000079       0x7a c:/nxp/mcuxpressoide_11.2.1_4149/ide/plugins/com.nxp.mcuxpresso.tools.win32_11.2.0.202008311134/tools/bin/../lib/gcc/arm-none-eabi/9.2.1/../../../../arm-none-eabi/lib/thumb/v7e-m+fp/hard\libcr_c.a(fseek.o)
 .comment       0x00000079       0x7a c:/nxp/mcuxpressoide_11.2.1_4149/ide/plugins/com.nxp.mcuxpresso.tools.win32_11.2.0.202008311134/tools/bin/../lib/gcc/arm-none-eabi/9.2.1/../../../../arm-none-eabi/lib/thumb/v7e-m+fp/hard\libcr_c.a(ftell.o)
 .comment       0x00000079       0x7a c:/nxp/mcuxpressoide_11.2.1_4149/ide/plugins/com.nxp.mcuxpresso.tools.win32_11.2.0.202008311134/tools/bin/../lib/gcc/arm-none-eabi/9.2.1/../../../../arm-none-eabi/lib/thumb/v7e-m+fp/hard\libcr_c.a(initio.o)
 .comment       0x00000079       0x7a c:/nxp/mcuxpressoide_11.2.1_4149/ide/plugins/com.nxp.mcuxpresso.tools.win32_11.2.0.202008311134/tools/bin/../lib/gcc/arm-none-eabi/9.2.1/../../../../arm-none-eabi/lib/thumb/v7e-m+fp/hard\libcr_c.a(setvbuf.o)
 .comment       0x00000079       0x7a c:/nxp/mcuxpressoide_11.2.1_4149/ide/plugins/com.nxp.mcuxpresso.tools.win32_11.2.0.202008311134/tools/bin/../lib/gcc/arm-none-eabi/9.2.1/../../../../arm-none-eabi/lib/thumb/v7e-m+fp/hard\libcr_c.a(strlen.o)
 .comment       0x00000079       0x7a c:/nxp/mcuxpressoide_11.2.1_4149/ide/plugins/com.nxp.mcuxpresso.tools.win32_11.2.0.202008311134/tools/bin/../lib/gcc/arm-none-eabi/9.2.1/../../../../arm-none-eabi/lib/thumb/v7e-m+fp/hard\libcr_c.a(__init_alloc.o)
 .comment       0x00000079       0x7a c:/nxp/mcuxpressoide_11.2.1_4149/ide/plugins/com.nxp.mcuxpresso.tools.win32_11.2.0.202008311134/tools/bin/../lib/gcc/arm-none-eabi/9.2.1/../../../../arm-none-eabi/lib/thumb/v7e-m+fp/hard\libcr_c.a(_cr_sbrk.o)
 .comment       0x00000079       0x7a c:/nxp/mcuxpressoide_11.2.1_4149/ide/plugins/com.nxp.mcuxpresso.tools.win32_11.2.0.202008311134/tools/bin/../lib/gcc/arm-none-eabi/9.2.1/../../../../arm-none-eabi/lib/thumb/v7e-m+fp/hard\libcr_c.a(_fdopen.o)
 .comment       0x00000079       0x7a c:/nxp/mcuxpressoide_11.2.1_4149/ide/plugins/com.nxp.mcuxpresso.tools.win32_11.2.0.202008311134/tools/bin/../lib/gcc/arm-none-eabi/9.2.1/../../../../arm-none-eabi/lib/thumb/v7e-m+fp/hard\libcr_c.a(errno.o)
 .comment       0x00000079       0x7a c:/nxp/mcuxpressoide_11.2.1_4149/ide/plugins/com.nxp.mcuxpresso.tools.win32_11.2.0.202008311134/tools/bin/../lib/gcc/arm-none-eabi/9.2.1/../../../../arm-none-eabi/lib/thumb/v7e-m+fp/hard\libcr_c.a(fclose.o)
 .comment       0x00000079       0x7a c:/nxp/mcuxpressoide_11.2.1_4149/ide/plugins/com.nxp.mcuxpresso.tools.win32_11.2.0.202008311134/tools/bin/../lib/gcc/arm-none-eabi/9.2.1/../../../../arm-none-eabi/lib/thumb/v7e-m+fp/hard\libcr_c.a(fflush.o)
 .comment       0x00000079       0x7a c:/nxp/mcuxpressoide_11.2.1_4149/ide/plugins/com.nxp.mcuxpresso.tools.win32_11.2.0.202008311134/tools/bin/../lib/gcc/arm-none-eabi/9.2.1/../../../../arm-none-eabi/lib/thumb/v7e-m+fp/hard\libcr_c.a(remove.o)
 .comment       0x00000079       0x7a c:/nxp/mcuxpressoide_11.2.1_4149/ide/plugins/com.nxp.mcuxpresso.tools.win32_11.2.0.202008311134/tools/bin/../lib/gcc/arm-none-eabi/9.2.1/../../../../arm-none-eabi/lib/thumb/v7e-m+fp/hard\libcr_c.a(_cr_check_heap.o)
 .comment       0x00000079       0x7a c:/nxp/mcuxpressoide_11.2.1_4149/ide/plugins/com.nxp.mcuxpresso.tools.win32_11.2.0.202008311134/tools/bin/../lib/gcc/arm-none-eabi/9.2.1/../../../../arm-none-eabi/lib/thumb/v7e-m+fp/hard\libcr_c.a(_do_fflush.o)

.ARM.attributes
                0x00000000       0x37
 .ARM.attributes
                0x00000000       0x34 ./utilities/fsl_debug_console.o
 .ARM.attributes
                0x00000034       0x34 ./utilities/fsl_str.o
 .ARM.attributes
                0x00000068       0x34 ./startup/startup_mimxrt1052.o
 .ARM.attributes
                0x0000009c       0x34 ./source/IMXRT1050_Demo.o
 .ARM.attributes
                0x000000d0       0x34 ./source/semihost_hardfault.o
 .ARM.attributes
                0x00000104       0x34 ./drivers/fsl_clock.o
 .ARM.attributes
                0x00000138       0x34 ./drivers/fsl_gpio.o
 .ARM.attributes
                0x0000016c       0x34 ./drivers/fsl_lpuart.o
 .ARM.attributes
                0x000001a0       0x34 ./drivers/fsl_pit.o
 .ARM.attributes
                0x000001d4       0x34 ./device/system_MIMXRT1052.o
 .ARM.attributes
                0x00000208       0x34 ./component/uart/lpuart_adapter.o
 .ARM.attributes
                0x0000023c       0x34 ./component/serial_manager/serial_manager.o
 .ARM.attributes