fsl_clock.h:1042:20:CLOCK_ControlGate	32	static
fsl_clock.h:1059:20:CLOCK_EnableClock	16	static
fsl_clock.h:1069:20:CLOCK_DisableClock	16	static
fsl_dcdc.c:40:17:DCDC_GetInstance	24	static
fsl_dcdc.c:63:6:DCDC_Init	16	static
fsl_dcdc.c:76:6:DCDC_Deinit	16	static
fsl_dcdc.c:90:6:DCDC_SetClockSource	24	static
fsl_dcdc.c:135:6:DCDC_GetDefaultDetectionConfig	16	static
fsl_dcdc.c:158:6:DCDC_SetDetectionConfig	24	static
fsl_dcdc.c:212:6:DCDC_GetDefaultLowPowerConfig	16	static
fsl_dcdc.c:231:6:DCDC_SetLowPowerConfig	24	static
fsl_dcdc.c:258:10:DCDC_GetstatusFlags	24	static
fsl_dcdc.c:276:6:DCDC_ResetCurrentAlertSignal	16	static
fsl_dcdc.c:306:6:DCDC_GetDefaultLoopControlConfig	16	static
fsl_dcdc.c:329:6:DCDC_SetLoopControlConfig	24	static
fsl_dcdc.c:372:6:DCDC_SetMinPowerConfig	24	static
fsl_dcdc.c:400:6:DCDC_AdjustTargetVoltage	32	static
fsl_dcdc.c:431:6:DCDC_AdjustRunTargetVoltage	24	static
fsl_dcdc.c:462:6:DCDC_AdjustLowPowerTargetVoltage	24	static
fsl_dcdc.c:488:6:DCDC_SetInternalRegulatorConfig	24	static
fsl_dcdc.c:514:6:DCDC_BootIntoDCM	16	static
fsl_dcdc.c:530:6:DCDC_BootIntoCCM	16	static
