fsl_flexio.h:652:20:FLEXIO_EnableShifterStatusDMA	24	static
fsl_flexio_uart.h:271:24:FLEXIO_UART_GetTxDataRegisterAddress	16	static
fsl_flexio_uart.h:284:24:FLEXIO_UART_GetRxDataRegisterAddress	16	static
fsl_flexio_uart.h:297:20:FLEXIO_UART_EnableTxDMA	16	static
fsl_flexio_uart.h:310:20:FLEXIO_UART_EnableRxDMA	16	static
fsl_flexio_uart_edma.c:79:13:FLEXIO_UART_TransferSendEDMACallback	40	static
fsl_flexio_uart_edma.c:101:13:FLEXIO_UART_TransferReceiveEDMACallback	40	static
fsl_flexio_uart_edma.c:139:10:FLEXIO_UART_TransferCreateHandleEDMA	32	static
fsl_flexio_uart_edma.c:204:10:FLEXIO_UART_TransferSendEDMA	80	static
fsl_flexio_uart_edma.c:262:10:FLEXIO_UART_TransferReceiveEDMA	80	static
fsl_flexio_uart_edma.c:315:6:FLEXIO_UART_TransferAbortSendEDMA	16	static
fsl_flexio_uart_edma.c:336:6:FLEXIO_UART_TransferAbortReceiveEDMA	16	static
fsl_flexio_uart_edma.c:360:10:FLEXIO_UART_TransferGetReceiveCountEDMA	32	static
fsl_flexio_uart_edma.c:391:10:FLEXIO_UART_TransferGetSendCountEDMA	32	static
