core_cm7.h:1902:22:__NVIC_EnableIRQ	16	static
fsl_clock.h:1042:20:CLOCK_ControlGate	32	static
fsl_clock.h:1059:20:CLOCK_EnableClock	16	static
fsl_clock.h:1069:20:CLOCK_DisableClock	16	static
fsl_common.h:484:28:EnableIRQ	16	static
fsl_csi.h:450:20:CSI_Start	16	static
fsl_csi.h:461:20:CSI_Stop	16	static
fsl_csi.c:152:17:CSI_GetInstance	24	static
fsl_csi.c:171:16:CSI_TransferGetQueueDelta	24	static
fsl_csi.c:187:16:CSI_TransferIncreaseQueueIdx	24	static
fsl_csi.c:208:17:CSI_TransferGetEmptyBufferCount	16	static
fsl_csi.c:213:17:CSI_TransferGetEmptyBuffer	24	static
fsl_csi.c:224:13:CSI_TransferPutEmptyBuffer	24	static
fsl_csi.c:234:17:CSI_GetRxBufferAddr	24	static
fsl_csi.c:263:10:CSI_Init	32	static
fsl_csi.c:364:6:CSI_Deinit	24	static
fsl_csi.c:381:6:CSI_Reset	24	static
fsl_csi.c:438:6:CSI_GetDefaultConfig	16	static
fsl_csi.c:462:6:CSI_SetRxBufferAddr	24	static
fsl_csi.c:482:6:CSI_ClearFifo	24	static
fsl_csi.c:525:6:CSI_ReflashFifoDma	24	static
fsl_csi.c:554:6:CSI_EnableFifoDmaRequest	24	static
fsl_csi.c:584:6:CSI_EnableInterrupts	16	static
fsl_csi.c:597:6:CSI_DisableInterrupts	16	static
fsl_csi.c:618:10:CSI_TransferCreateHandle	32	static
fsl_csi.c:660:10:CSI_TransferStart	24	static
fsl_csi.c:712:10:CSI_TransferStop	24	static
fsl_csi.c:755:10:CSI_TransferSubmitEmptyBuffer	32	static
fsl_csi.c:787:10:CSI_TransferGetFullBuffer	40	static
fsl_csi.c:830:6:CSI_TransferHandleIRQ	40	static
fsl_csi.c:1382:6:CSI_DriverIRQHandler	8	static
