core_cm7.h:1902:22:__NVIC_EnableIRQ	16	static
core_cm7.h:2032:22:__NVIC_SetPriority	16	static
fsl_clock.h:995:24:CLOCK_GetMux	16	static
fsl_clock.h:1031:24:CLOCK_GetDiv	16	static
fsl_clock.h:1092:24:CLOCK_GetOscFreq	4	static
fsl_common.h:484:28:EnableIRQ	16	static
fsl_gpio.h:160:20:GPIO_PortToggle	16	static
fsl_pit.h:105:20:PIT_GetDefaultConfig	16	static
fsl_pit.h:159:20:PIT_EnableInterrupts	24	static
fsl_pit.h:207:24:PIT_GetStatusFlags	16	static
fsl_pit.h:220:20:PIT_ClearStatusFlags	24	static
fsl_pit.h:246:20:PIT_SetTimerPeriod	24	static
fsl_pit.h:286:20:PIT_StartTimer	16	static
fsl_lpuart.h:592:20:LPUART_WriteByte	16	static
fsl_lpuart.h:606:23:LPUART_ReadByte	32	static
IMXRT1050_Demo.c:55:13:LED_Config	24	static
IMXRT1050_Demo.c:68:12:drv_timer_init	16	static
IMXRT1050_Demo.c:80:12:drv_timer_register	32	static
IMXRT1050_Demo.c:87:17:drv_uart_clksrc	24	static
IMXRT1050_Demo.c:101:12:drv_Uart_init	32	static
IMXRT1050_Demo.c:117:5:main	16	static
IMXRT1050_Demo.c:147:6:PIT_IRQHandler	8	static
