core_cm7.h:1902:22:__NVIC_EnableIRQ	16	static
core_cm7.h:2032:22:__NVIC_SetPriority	16	static
fsl_common.h:484:28:EnableIRQ	16	static
fsl_gpio.h:160:20:GPIO_PortToggle	16	static
fsl_pit.h:105:20:PIT_GetDefaultConfig	16	static
fsl_pit.h:159:20:PIT_EnableInterrupts	24	static
fsl_pit.h:207:24:PIT_GetStatusFlags	16	static
fsl_pit.h:220:20:PIT_ClearStatusFlags	24	static
fsl_pit.h:246:20:PIT_SetTimerPeriod	24	static
fsl_pit.h:286:20:PIT_StartTimer	16	static
IMXRT1050_Demo.c:54:13:LED_Config	24	static
IMXRT1050_Demo.c:67:12:drv_timer_init	16	static
IMXRT1050_Demo.c:79:12:drv_timer_register	32	static
IMXRT1050_Demo.c:89:5:main	16	static
IMXRT1050_Demo.c:118:6:PIT_IRQHandler	8	static
